Component: Arm Compiler for Embedded 6.19 Tool: armlink [5e73cb00]

==============================================================================

Section Cross References

    startup_stm32f407xx.o(RESET) refers to startup_stm32f407xx.o(STACK) for __initial_sp
    startup_stm32f407xx.o(RESET) refers to startup_stm32f407xx.o(.text) for Reset_Handler
    startup_stm32f407xx.o(RESET) refers to stm32f4xx_it.o(.text.NMI_Handler) for NMI_Handler
    startup_stm32f407xx.o(RESET) refers to stm32f4xx_it.o(.text.HardFault_Handler) for HardFault_Handler
    startup_stm32f407xx.o(RESET) refers to stm32f4xx_it.o(.text.MemManage_Handler) for MemManage_Handler
    startup_stm32f407xx.o(RESET) refers to stm32f4xx_it.o(.text.BusFault_Handler) for BusFault_Handler
    startup_stm32f407xx.o(RESET) refers to stm32f4xx_it.o(.text.UsageFault_Handler) for UsageFault_Handler
    startup_stm32f407xx.o(RESET) refers to stm32f4xx_it.o(.text.SVC_Handler) for SVC_Handler
    startup_stm32f407xx.o(RESET) refers to stm32f4xx_it.o(.text.DebugMon_Handler) for DebugMon_Handler
    startup_stm32f407xx.o(RESET) refers to stm32f4xx_it.o(.text.PendSV_Handler) for PendSV_Handler
    startup_stm32f407xx.o(RESET) refers to stm32f4xx_it.o(.text.SysTick_Handler) for SysTick_Handler
    startup_stm32f407xx.o(RESET) refers to stm32f4xx_it.o(.text.EXTI0_IRQHandler) for EXTI0_IRQHandler
    startup_stm32f407xx.o(RESET) refers to stm32f4xx_it.o(.text.EXTI2_IRQHandler) for EXTI2_IRQHandler
    startup_stm32f407xx.o(RESET) refers to stm32f4xx_it.o(.text.EXTI3_IRQHandler) for EXTI3_IRQHandler
    startup_stm32f407xx.o(RESET) refers to stm32f4xx_it.o(.text.EXTI4_IRQHandler) for EXTI4_IRQHandler
    startup_stm32f407xx.o(RESET) refers to stm32f4xx_it.o(.text.SPI3_IRQHandler) for SPI3_IRQHandler
    startup_stm32f407xx.o(.text) refers to system_stm32f4xx.o(.text.SystemInit) for SystemInit
    startup_stm32f407xx.o(.text) refers to entry.o(.ARM.Collect$$$$00000000) for __main
    main.o(.text.fftcal) refers to main.o(.bss.ECG_Signal) for ECG_Signal
    main.o(.text.fftcal) refers to main.o(.bss.FFT_InputBufmy) for FFT_InputBufmy
    main.o(.text.fftcal) refers to main.o(.bss.scfft) for scfft
    main.o(.text.fftcal) refers to transformfunctions.o(.text.arm_cfft_radix4_f32) for arm_cfft_radix4_f32
    main.o(.text.fftcal) refers to main.o(.bss.FFT_OutputBufmy) for FFT_OutputBufmy
    main.o(.text.fftcal) refers to complexmathfunctions.o(.text.arm_cmplx_mag_f32) for arm_cmplx_mag_f32
    main.o(.text.fftcal) refers to f2d.o(.text) for __aeabi_f2d
    main.o(.text.fftcal) refers to dmul.o(.text) for __aeabi_dmul
    main.o(.text.fftcal) refers to ddiv.o(.text) for __aeabi_ddiv
    main.o(.text.fftcal) refers to d2f.o(.text) for __aeabi_d2f
    main.o(.text.fftcal) refers to main.o(.bss.fftf) for fftf
    main.o(.ARM.exidx.text.fftcal) refers to main.o(.text.fftcal) for [Anonymous Symbol]
    main.o(.text.main) refers to stm32f4xx_hal.o(.text.HAL_Init) for HAL_Init
    main.o(.text.main) refers to main.o(.text.SystemClock_Config) for SystemClock_Config
    main.o(.text.main) refers to gpio.o(.text.MX_GPIO_Init) for MX_GPIO_Init
    main.o(.text.main) refers to usart.o(.text.MX_USART1_UART_Init) for MX_USART1_UART_Init
    main.o(.text.main) refers to fsmc.o(.text.MX_FSMC_Init) for MX_FSMC_Init
    main.o(.text.main) refers to spi.o(.text.MX_SPI3_Init) for MX_SPI3_Init
    main.o(.text.main) refers to ads1292.o(.text.ADS1292R_Init) for ADS1292R_Init
    main.o(.text.main) refers to ads1292.o(.text.ADS1292R_Work) for ADS1292R_Work
    main.o(.text.main) refers to firfilter.o(.text.FIRInit) for FIRInit
    main.o(.text.main) refers to bsp_dwt.o(.text.DWT_Init) for DWT_Init
    main.o(.text.main) refers to lcd.o(.text.lcd_init) for lcd_init
    main.o(.text.main) refers to lcd.o(.text.lcd_clear) for lcd_clear
    main.o(.text.main) refers to lcd.o(.text.lcd_display_dir) for lcd_display_dir
    main.o(.text.main) refers to main.o(.bss.filterState) for filterState
    main.o(.text.main) refers to iirfilter.o(.text.IIRFilter_Init) for IIRFilter_Init
    main.o(.text.main) refers to main.o(.bss.scfft) for scfft
    main.o(.text.main) refers to transformfunctions.o(.text.arm_cfft_radix4_init_f32) for arm_cfft_radix4_init_f32
    main.o(.text.main) refers to main.o(.bss.ads1292_recive_flag) for ads1292_recive_flag
    main.o(.text.main) refers to ads1292.o(.text.data_trans) for data_trans
    main.o(.text.main) refers to ads1292.o(.bss.ECGRawData) for ECGRawData
    main.o(.text.main) refers to dflti.o(.text) for __aeabi_i2d
    main.o(.text.main) refers to iirfilter.o(.text.IIRFilter_Process) for IIRFilter_Process
    main.o(.text.main) refers to dfixi.o(.text) for __aeabi_d2iz
    main.o(.text.main) refers to iirfilter.o(.bss.IIR_Result) for IIR_Result
    main.o(.text.main) refers to firfilter.o(.text.FIRFilter) for FIRFilter
    main.o(.text.main) refers to firfilter.o(.bss.FIRResult) for FIRResult
[...]
    .ARM.Collect$$$$0000000B                 0x08000190   Section        8  entry9a.o(.ARM.Collect$$$$0000000B)
    __lit__00000000                          0x08000198   Data           4  entry2.o(.ARM.Collect$$$$00002712)
    .ARM.Collect$$$$0000000D                 0x08000198   Section        0  entry10a.o(.ARM.Collect$$$$0000000D)
    .ARM.Collect$$$$0000000F                 0x08000198   Section        0  entry11a.o(.ARM.Collect$$$$0000000F)
    .ARM.Collect$$$$00002712                 0x08000198   Section        4  entry2.o(.ARM.Collect$$$$00002712)
    $v0                                      0x0800019c   Number         0  startup_stm32f407xx.o(.text)
    .text                                    0x0800019c   Section       36  startup_stm32f407xx.o(.text)
    .text                                    0x080001c0   Section        0  uldiv.o(.text)
    .text                                    0x08000222   Section        0  memseta.o(.text)
    .text                                    0x08000246   Section        0  dadd.o(.text)
    .text                                    0x08000394   Section        0  dmul.o(.text)
    .text                                    0x08000478   Section        0  ddiv.o(.text)
    .text                                    0x08000556   Section        0  dflti.o(.text)
    .text                                    0x08000578   Section        0  dfixi.o(.text)
    .text                                    0x080005b6   Section        0  dfixui.o(.text)
    .text                                    0x080005e8   Section        0  f2d.o(.text)
    .text                                    0x0800060e   Section        0  d2f.o(.text)
    .text                                    0x08000646   Section        0  uidiv.o(.text)
    .text                                    0x08000672   Section        0  llshl.o(.text)
    .text                                    0x08000690   Section        0  llushr.o(.text)
    .text                                    0x080006b0   Section        0  llsshr.o(.text)
    .text                                    0x080006d4   Section        0  iusefp.o(.text)
    .text                                    0x080006d4   Section        0  fepilogue.o(.text)
    .text                                    0x08000742   Section        0  depilogue.o(.text)
    .text                                    0x080007fc   Section        0  dfixul.o(.text)
    .text                                    0x0800082c   Section       48  cdrcmple.o(.text)
    .text                                    0x0800085c   Section       36  init.o(.text)
    [Anonymous Symbol]                       0x08000880   Section        0  ads1292.o(.text.ADS1292R_CMD)
    [Anonymous Symbol]                       0x080008c0   Section        0  ads1292.o(.text.ADS1292R_Init)
    [Anonymous Symbol]                       0x080008f8   Section        0  ads1292.o(.text.ADS1292R_PowerOnInit)
    [Anonymous Symbol]                       0x08000a00   Section        0  ads1292.o(.text.ADS1292R_REG)
    [Anonymous Symbol]                       0x08000a78   Section        0  ads1292.o(.text.ADS1292R_ReadData)
    [Anonymous Symbol]                       0x08000af8   Section        0  ads1292.o(.text.ADS1292R_SPI_RW)
    [Anonymous Symbol]                       0x08000b34   Section        0  ads1292.o(.text.ADS1292R_Work)
    [Anonymous Symbol]                       0x08000b54   Section        0  stm32f4xx_it.o(.text.BusFault_Handler)
    DWT_CNT_Update                           0x08000b59   Thumb Code    64  bsp_dwt.o(.text.DWT_CNT_Update)
    [Anonymous Symbol]                       0x08000b58   Section        0  bsp_dwt.o(.text.DWT_CNT_Update)
    [Anonymous Symbol]                       0x08000b98   Section        0  bsp_dwt.o(.text.DWT_GetDeltaT)
    [Anonymous Symbol]                       0x08000be4   Section        0  bsp_dwt.o(.text.DWT_Init)
    [Anonymous Symbol]                       0x08000c6c   Section        0  stm32f4xx_it.o(.text.DebugMon_Handler)
    [Anonymous Symbol]                       0x08000c70   Section        0  stm32f4xx_it.o(.text.EXTI0_IRQHandler)
    [Anonymous Symbol]                       0x08000c7c   Section        0  stm32f4xx_it.o(.text.EXTI2_IRQHandler)
    [Anonymous Symbol]                       0x08000ce4   Section        0  stm32f4xx_it.o(.text.EXTI3_IRQHandler)
    [Anonymous Symbol]                       0x08000cf0   Section        0  stm32f4xx_it.o(.text.EXTI4_IRQHandler)
    [Anonymous Symbol]                       0x08000d1c   Section        0  main.o(.text.Error_Handler)
    [Anonymous Symbol]                       0x08000d28   Section        0  firfilter.o(.text.FIRFilter)
    [Anonymous Symbol]                       0x08000f58   Section        0  firfilter.o(.text.FIRInit)
    [Anonymous Symbol]                       0x08001000   Section        0  stm32f4xx_ll_fsmc.o(.text.FSMC_NORSRAM_Extended_Timing_Init)
    [Anonymous Symbol]                       0x08001064   Section        0  stm32f4xx_ll_fsmc.o(.text.FSMC_NORSRAM_Init)
    [Anonymous Symbol]                       0x08001120   Section        0  stm32f4xx_ll_fsmc.o(.text.FSMC_NORSRAM_Timing_Init)
    [Anonymous Symbol]                       0x08001180   Section        0  stm32f4xx_hal_dma.o(.text.HAL_DMA_Abort_IT)
    [Anonymous Symbol]                       0x080011c4   Section        0  stm32f4xx_hal.o(.text.HAL_Delay)
    HAL_FSMC_MspInit                         0x08001209   Thumb Code   258  fsmc.o(.text.HAL_FSMC_MspInit)
    [Anonymous Symbol]                       0x08001208   Section        0  fsmc.o(.text.HAL_FSMC_MspInit)
    [Anonymous Symbol]                       0x0800130c   Section        0  stm32f4xx_hal_gpio.o(.text.HAL_GPIO_EXTI_Callback)
    [Anonymous Symbol]                       0x08001318   Section        0  stm32f4xx_hal_gpio.o(.text.HAL_GPIO_EXTI_IRQHandler)
    [Anonymous Symbol]                       0x08001350   Section        0  stm32f4xx_hal_gpio.o(.text.HAL_GPIO_Init)
    [Anonymous Symbol]                       0x08001708   Section        0  stm32f4xx_hal_gpio.o(.text.HAL_GPIO_WritePin)
    [Anonymous Symbol]                       0x08001738   Section        0  stm32f4xx_hal.o(.text.HAL_GetTick)
    [Anonymous Symbol]                       0x08001744   Section        0  stm32f4xx_hal.o(.text.HAL_IncTick)
    [Anonymous Symbol]                       0x08001760   Section        0  stm32f4xx_hal.o(.text.HAL_Init)
    [Anonymous Symbol]                       0x08001798   Section        0  stm32f4xx_hal.o(.text.HAL_InitTick)
    [Anonymous Symbol]                       0x08001808   Section        0  stm32f4xx_hal_msp.o(.text.HAL_MspInit)
    [Anonymous Symbol]                       0x08001854   Section        0  stm32f4xx_hal_cortex.o(.text.HAL_NVIC_DisableIRQ)
    [Anonymous Symbol]                       0x08001868   Section        0  stm32f4xx_hal_cortex.o(.text.HAL_NVIC_EnableIRQ)
    [Anonymous Symbol]                       0x0800187c   Section        0  stm32f4xx_hal_cortex.o(.text.HAL_NVIC_SetPriority)
    [Anonymous Symbol]                       0x080018b0   Section        0  stm32f4xx_hal_cortex.o(.text.HAL_NVIC_SetPriorityGrouping)
    [Anonymous Symbol]                       0x080018c0   Section        0  stm32f4xx_hal_rcc.o(.text.HAL_RCC_ClockConfig)
    [Anonymous Symbol]                       0x08001b24   Section        0  stm32f4xx_hal_rcc.o(.text.HAL_RCC_GetHCLKFreq)
    [Anonymous Symbol]                       0x08001b30   Section        0  stm32f4xx_hal_rcc.o(.text.HAL_RCC_GetPCLK1Freq)
    [Anonymous Symbol]                       0x08001b54   Section        0  stm32f4xx_hal_rcc.o(.text.HAL_RCC_GetPCLK2Freq)
    [Anonymous Symbol]                       0x08001b78   Section        0  stm32f4xx_hal_rcc.o(.text.HAL_RCC_GetSysClockFreq)
    [Anonymous Symbol]                       0x08001c60   Section        0  stm32f4xx_hal_rcc.o(.text.HAL_RCC_OscConfig)
    [Anonymous Symbol]                       0x08002320   Section        0  stm32f4xx_hal_spi.o(.text.HAL_SPI_ErrorCallback)
    [Anonymous Symbol]                       0x08002328   Section        0  stm32f4xx_hal_spi.o(.text.HAL_SPI_IRQHandler)
    [Anonymous Symbol]                       0x08002558   Section        0  stm32f4xx_hal_spi.o(.text.HAL_SPI_Init)
    [Anonymous Symbol]                       0x08002658   Section        0  spi.o(.text.HAL_SPI_MspInit)
    [Anonymous Symbol]                       0x08002700   Section        0  stm32f4xx_hal_spi.o(.text.HAL_SPI_TransmitReceive)
    [Anonymous Symbol]                       0x08002aa4   Section        0  stm32f4xx_hal_sram.o(.text.HAL_SRAM_Init)
    [Anonymous Symbol]                       0x08002b24   Section        0  fsmc.o(.text.HAL_SRAM_MspInit)
    [Anonymous Symbol]                       0x08002b34   Section        0  stm32f4xx_hal_cortex.o(.text.HAL_SYSTICK_Config)
    [Anonymous Symbol]                       0x08002b44   Section        0  stm32f4xx_hal_uart.o(.text.HAL_UART_Init)
    [Anonymous Symbol]                       0x08002be4   Section        0  usart.o(.text.HAL_UART_MspInit)
    [Anonymous Symbol]                       0x08002c74   Section        0  stm32f4xx_hal_uart.o(.text.HAL_UART_Transmit)
    [Anonymous Symbol]                       0x08002da4   Section        0  stm32f4xx_it.o(.text.HardFault_Handler)
    [Anonymous Symbol]                       0x08002da8   Section        0  iirfilter.o(.text.IIRFilter_Init)
    [Anonymous Symbol]                       0x08002de4   Section        0  iirfilter.o(.text.IIRFilter_Process)
    [Anonymous Symbol]                       0x08002f28   Section        0  fsmc.o(.text.MX_FSMC_Init)
    [Anonymous Symbol]                       0x08002fdc   Section        0  gpio.o(.text.MX_GPIO_Init)
    [Anonymous Symbol]                       0x080031b0   Section        0  spi.o(.text.MX_SPI3_Init)
    [Anonymous Symbol]                       0x08003200   Section        0  usart.o(.text.MX_USART1_UART_Init)
    [Anonymous Symbol]                       0x08003240   Section        0  stm32f4xx_it.o(.text.MemManage_Handler)
    [Anonymous Symbol]                       0x08003244   Section        0  stm32f4xx_it.o(.text.NMI_Handler)
    NVIC_EncodePriority                      0x08003249   Thumb Code   108  stm32f4xx_hal_cortex.o(.text.NVIC_EncodePriority)
    [Anonymous Symbol]                       0x08003248   Section        0  stm32f4xx_hal_cortex.o(.text.NVIC_EncodePriority)
    [Anonymous Symbol]                       0x080032b4   Section        0  stm32f4xx_it.o(.text.PendSV_Handler)
    [Anonymous Symbol]                       0x080032b8   Section        0  stm32f4xx_it.o(.text.SPI3_IRQHandler)
    SPI_DMAAbortOnError                      0x080032c9   Thumb Code    32  stm32f4xx_hal_spi.o(.text.SPI_DMAAbortOnError)
    [Anonymous Symbol]                       0x080032c8   Section        0  stm32f4xx_hal_spi.o(.text.SPI_DMAAbortOnError)
    SPI_EndRxTxTransaction                   0x080032e9   Thumb Code   204  stm32f4xx_hal_spi.o(.text.SPI_EndRxTxTransaction)
    [Anonymous Symbol]                       0x080032e8   Section        0  stm32f4xx_hal_spi.o(.text.SPI_EndRxTxTransaction)
    SPI_WaitFlagStateUntilTimeout            0x080033b5   Thumb Code   298  stm32f4xx_hal_spi.o(.text.SPI_WaitFlagStateUntilTimeout)
    [Anonymous Symbol]                       0x080033b4   Section        0  stm32f4xx_hal_spi.o(.text.SPI_WaitFlagStateUntilTimeout)
    [Anonymous Symbol]                       0x080034e0   Section        0  stm32f4xx_it.o(.text.SVC_Handler)
    SysTick_Config                           0x080034e5   Thumb Code    82  stm32f4xx_hal_cortex.o(.text.SysTick_Config)
    [Anonymous Symbol]                       0x080034e4   Section        0  stm32f4xx_hal_cortex.o(.text.SysTick_Config)
    [Anonymous Symbol]                       0x08003538   Section        0  stm32f4xx_it.o(.text.SysTick_Handler)
    [Anonymous Symbol]                       0x08003540   Section        0  main.o(.text.SystemClock_Config)
    [Anonymous Symbol]                       0x080035fc   Section        0  system_stm32f4xx.o(.text.SystemInit)
    UART_EndRxTransfer                       0x08003611   Thumb Code   148  stm32f4xx_hal_uart.o(.text.UART_EndRxTransfer)
    [Anonymous Symbol]                       0x08003610   Section        0  stm32f4xx_hal_uart.o(.text.UART_EndRxTransfer)
    UART_SetConfig                           0x080036a5   Thumb Code   314  stm32f4xx_hal_uart.o(.text.UART_SetConfig)
    [Anonymous Symbol]                       0x080036a4   Section        0  stm32f4xx_hal_uart.o(.text.UART_SetConfig)
    UART_WaitOnFlagUntilTimeout              0x080037e1   Thumb Code   218  stm32f4xx_hal_uart.o(.text.UART_WaitOnFlagUntilTimeout)
    [Anonymous Symbol]                       0x080037e0   Section        0  stm32f4xx_hal_uart.o(.text.UART_WaitOnFlagUntilTimeout)
    [Anonymous Symbol]                       0x080038bc   Section        0  stm32f4xx_it.o(.text.UsageFault_Handler)
    __NVIC_DisableIRQ                        0x080038c1   Thumb Code    56  stm32f4xx_hal_cortex.o(.text.__NVIC_DisableIRQ)
    [Anonymous Symbol]                       0x080038c0   Section        0  stm32f4xx_hal_cortex.o(.text.__NVIC_DisableIRQ)
    __NVIC_EnableIRQ                         0x080038f9   Thumb Code    48  stm32f4xx_hal_cortex.o(.text.__NVIC_EnableIRQ)
    [Anonymous Symbol]                       0x080038f8   Section        0  stm32f4xx_hal_cortex.o(.text.__NVIC_EnableIRQ)
    __NVIC_GetPriorityGrouping               0x08003929   Thumb Code    16  stm32f4xx_hal_cortex.o(.text.__NVIC_GetPriorityGrouping)
    [Anonymous Symbol]                       0x08003928   Section        0  stm32f4xx_hal_cortex.o(.text.__NVIC_GetPriorityGrouping)
    __NVIC_SetPriority                       0x08003939   Thumb Code    66  stm32f4xx_hal_cortex.o(.text.__NVIC_SetPriority)
    [Anonymous Symbol]                       0x08003938   Section        0  stm32f4xx_hal_cortex.o(.text.__NVIC_SetPriority)
    __NVIC_SetPriorityGrouping               0x0800397d   Thumb Code    60  stm32f4xx_hal_cortex.o(.text.__NVIC_SetPriorityGrouping)
    [Anonymous Symbol]                       0x0800397c   Section        0  stm32f4xx_hal_cortex.o(.text.__NVIC_SetPriorityGrouping)
    [Anonymous Symbol]                       0x080039b8   Section        0  transformfunctions.o(.text.arm_bitreversal_f32)
    [Anonymous Symbol]                       0x08003b8c   Section        0  transformfunctions.o(.text.arm_cfft_radix4_f32)
    [Anonymous Symbol]                       0x08003be8   Section        0  transformfunctions.o(.text.arm_cfft_radix4_init_f32)
    [Anonymous Symbol]                       0x08003d18   Section        0  complexmathfunctions.o(.text.arm_cmplx_mag_f32)
    [Anonymous Symbol]                       0x08003da4   Section        0  statisticsfunctions.o(.text.arm_max_q15)
    [Anonymous Symbol]                       0x08003e14   Section        0  statisticsfunctions.o(.text.arm_min_q15)
    [Anonymous Symbol]                       0x08003e84   Section        0  transformfunctions.o(.text.arm_radix4_butterfly_f32)
    [Anonymous Symbol]                       0x080041f0   Section        0  transformfunctions.o(.text.arm_radix4_butterfly_inverse_f32)
    [Anonymous Symbol]                       0x080047c4   Section        0  ads1292.o(.text.data_trans)
    [Anonymous Symbol]                       0x080048b4   Section        0  lcd.o(.text.delay_ms)
    [Anonymous Symbol]                       0x080048c8   Section        0  lcd.o(.text.delay_us)
    [Anonymous Symbol]                       0x080048ec   Section        0  lcd.o(.text.drawCurve)
    [Anonymous Symbol]                       0x08004bb0   Section        0  lcd.o(.text.drawCurve1)
    [Anonymous Symbol]                       0x08004d08   Section        0  main.o(.text.fftcal)
    [Anonymous Symbol]                       0x08004e48   Section        0  usart.o(.text.fputc)
    [Anonymous Symbol]                       0x08004e6c   Section        0  firfilter.o(.text.heartbeat_check)
    [Anonymous Symbol]                       0x08004f44   Section        0  lcd.o(.text.lcd_clear)
    [Anonymous Symbol]                       0x08004f9c   Section        0  lcd.o(.text.lcd_display_dir)
    [Anonymous Symbol]                       0x080051b0   Section        0  lcd.o(.text.lcd_draw_line)
    [Anonymous Symbol]                       0x080052e0   Section        0  lcd.o(.text.lcd_draw_point)
    [Anonymous Symbol]                       0x0800530c   Section        0  lcd.o(.text.lcd_ex_ili9341_reginit)
    [Anonymous Symbol]                       0x08005554   Section        0  lcd.o(.text.lcd_ex_ili9806_reginit)
    [Anonymous Symbol]                       0x080058c4   Section        0  lcd.o(.text.lcd_ex_nt35310_reginit)
    [Anonymous Symbol]                       0x08006858   Section        0  lcd.o(.text.lcd_ex_nt35510_reginit)
    [Anonymous Symbol]                       0x080077a0   Section        0  lcd.o(.text.lcd_ex_ssd1963_reginit)
    [Anonymous Symbol]                       0x08007924   Section        0  lcd.o(.text.lcd_ex_st7789_reginit)
    [Anonymous Symbol]                       0x08007ae8   Section        0  lcd.o(.text.lcd_ex_st7796_reginit)
    [Anonymous Symbol]                       0x08007cc8   Section        0  lcd.o(.text.lcd_init)
    lcd_opt_delay                            0x08008295   Thumb Code    22  lcd.o(.text.lcd_opt_delay)
    [Anonymous Symbol]                       0x08008294   Section        0  lcd.o(.text.lcd_opt_delay)
    lcd_pow                                  0x080082ad   Thumb Code    48  lcd.o(.text.lcd_pow)
    [Anonymous Symbol]                       0x080082ac   Section        0  lcd.o(.text.lcd_pow)
    lcd_rd_data                              0x080082dd   Thumb Code    30  lcd.o(.text.lcd_rd_data)
    [Anonymous Symbol]                       0x080082dc   Section        0  lcd.o(.text.lcd_rd_data)
    [Anonymous Symbol]                       0x080082fc   Section        0  lcd.o(.text.lcd_scan_dir)
    [Anonymous Symbol]                       0x08008658   Section        0  lcd.o(.text.lcd_set_cursor)
    [Anonymous Symbol]                       0x080087e0   Section        0  lcd.o(.text.lcd_show_char)
    [Anonymous Symbol]                       0x080089bc   Section        0  lcd.o(.text.lcd_show_num)
    [Anonymous Symbol]                       0x08008ad4   Section        0  lcd.o(.text.lcd_show_string)
    [Anonymous Symbol]                       0x08008bc0   Section        0  lcd.o(.text.lcd_ssd_backlight_set)
    [Anonymous Symbol]                       0x08008c28   Section        0  lcd.o(.text.lcd_wr_data)
    [Anonymous Symbol]                       0x08008c48   Section        0  lcd.o(.text.lcd_wr_regno)
    [Anonymous Symbol]                       0x08008c68   Section        0  lcd.o(.text.lcd_write_ram_prepare)
    [Anonymous Symbol]                       0x08008c7c   Section        0  lcd.o(.text.lcd_write_reg)
    [Anonymous Symbol]                       0x08008ca4   Section        0  main.o(.text.main)
    [Anonymous Symbol]                       0x0800905c   Section        0  queue.o(.text.queueInit)
    [Anonymous Symbol]                       0x08009088   Section        0  queue.o(.text.queuePop)
    [Anonymous Symbol]                       0x080090e0   Section        0  queue.o(.text.queuePush)
    i.__0printf                              0x08009128   Section        0  printfa.o(i.__0printf)
    i.__hardfp_sqrtf                         0x08009148   Section        0  sqrtf.o(i.__hardfp_sqrtf)
    i.__scatterload_copy                     0x08009182   Section       14  handlers.o(i.__scatterload_copy)
    i.__scatterload_null                     0x08009190   Section        2  handlers.o(i.__scatterload_null)
    i.__scatterload_zeroinit                 0x08009192   Section       14  handlers.o(i.__scatterload_zeroinit)
    i.__set_errno                            0x080091a0   Section        0  errno.o(i.__set_errno)
    _fp_digits                               0x080091ad   Thumb Code   366  printfa.o(i._fp_digits)
    i._fp_digits                             0x080091ac   Section        0  printfa.o(i._fp_digits)
    _printf_core                             0x08009331   Thumb Code  1744  printfa.o(i._printf_core)
    i._printf_core                           0x08009330   Section        0  printfa.o(i._printf_core)
    _printf_post_padding                     0x08009a0d   Thumb Code    36  printfa.o(i._printf_post_padding)
    i._printf_post_padding                   0x08009a0c   Section        0  printfa.o(i._printf_post_padding)
    _printf_pre_padding                      0x08009a31   Thumb Code    46  printfa.o(i._printf_pre_padding)
    i._printf_pre_padding                    0x08009a30   Section        0  printfa.o(i._printf_pre_padding)
    DEN                                      0x08009f80   Data          24  iirfilter.o(.rodata.DEN)
    [Anonymous Symbol]                       0x08009f80   Section        0  iirfilter.o(.rodata.DEN)
    NUM                                      0x08009f98   Data          24  iirfilter.o(.rodata.NUM)
    [Anonymous Symbol]                       0x08009f98   Section        0  iirfilter.o(.rodata.NUM)
    .L.str.3                                 0x0800d730   Data          22  main.o(.rodata.str1.1)
    [Anonymous Symbol]                       0x0800d730   Section        0  main.o(.rodata.str1.1)
    .L.str                                   0x0800d746   Data           5  main.o(.rodata.str1.1)
    .L.str.1                                 0x0800d74b   Data           6  main.o(.rodata.str1.1)
    .L.str.2                                 0x0800d74b   Data           6  main.o(.rodata.str1.1)
    .L.str                                   0x0800d751   Data           6  main.o(.rodata.str1.1)
    .L.str.1                                 0x0800d751   Data           6  main.o(.rodata.str1.1)
    .data                                    0x20000000   Section        4  stdout.o(.data)
    _errno                                   0x20000004   Data           4  errno.o(.data)
    .data                                    0x20000004   Section        4  errno.o(.data)
    CPU_FREQ_Hz                              0x20000020   Data           4  bsp_dwt.o(.bss.CPU_FREQ_Hz)
    [Anonymous Symbol]                       0x20000020   Section        0  bsp_dwt.o(.bss.CPU_FREQ_Hz)
    CPU_FREQ_Hz_ms                           0x20000024   Data           4  bsp_dwt.o(.bss.CPU_FREQ_Hz_ms)
    [Anonymous Symbol]                       0x20000024   Section        0  bsp_dwt.o(.bss.CPU_FREQ_Hz_ms)
    CPU_FREQ_Hz_us                           0x20000028   Data           4  bsp_dwt.o(.bss.CPU_FREQ_Hz_us)
    [Anonymous Symbol]                       0x20000028   Section        0  bsp_dwt.o(.bss.CPU_FREQ_Hz_us)
    CYCCNT_LAST                              0x2000002c   Data           4  bsp_dwt.o(.bss.CYCCNT_LAST)
    [Anonymous Symbol]                       0x2000002c   Section        0  bsp_dwt.o(.bss.CYCCNT_LAST)
    CYCCNT_RountCount                        0x20000030   Data           4  bsp_dwt.o(.bss.CYCCNT_RountCount)
    [Anonymous Symbol]                       0x20000030   Section        0  bsp_dwt.o(.bss.CYCCNT_RountCount)
    FSMC_Initialized                         0x200012d8   Data           4  fsmc.o(.bss.FSMC_Initialized)
    [Anonymous Symbol]                       0x200012d8   Section        0  fsmc.o(.bss.FSMC_Initialized)
    heartbeat_check.down_value               0x20002098   Data           4  firfilter.o(.bss.heartbeat_check.down_value)
    [Anonymous Symbol]                       0x20002098   Section        0  firfilter.o(.bss.heartbeat_check.down_value)
    heartbeat_check.is_init                  0x2000209c   Data           4  firfilter.o(.bss.heartbeat_check.is_init)
    [Anonymous Symbol]                       0x2000209c   Section        0  firfilter.o(.bss.heartbeat_check.is_init)
    heartbeat_check.up_value                 0x200020a0   Data           4  firfilter.o(.bss.heartbeat_check.up_value)
    [Anonymous Symbol]                       0x200020a0   Section        0  firfilter.o(.bss.heartbeat_check.up_value)
    STACK                                    0x200021e8   Section     1024  startup_stm32f407xx.o(STACK)

    Global Symbols

    Symbol Name                              Value     Ov Type        Size  Object(Section)

    BuildAttributes$$THM_ISAv4$E$P$D$K$B$S$7EM$VFPi3$EXTD16$VFPS$VFMA$PE$A:L22UL41UL21$X:L11$S22US41US21$IEEE1$IW$~IW$USESV6$~STKCKD$USESV7$~SHL$OTIME$ROPI$IEEEX$EBA8$MICROLIB$REQ8$PRES8$EABIv2 0x00000000   Number         0  anon$$obj.o ABSOLUTE
    __cpp_initialize__aeabi_                  - Undefined Weak Reference
    __cxa_finalize                            - Undefined Weak Reference
    __decompress                              - Undefined Weak Reference
    _clock_init                               - Undefined Weak Reference
    _microlib_exit                            - Undefined Weak Reference
    __Vectors_Size                           0x00000188   Number         0  startup_stm32f407xx.o ABSOLUTE
    __Vectors                                0x08000000   Data           4  startup_stm32f407xx.o(RESET)
    __Vectors_End                            0x08000188   Data           0  startup_stm32f407xx.o(RESET)
    __main                                   0x08000189   Thumb Code     0  entry.o(.ARM.Collect$$$$00000000)
    _main_stk                                0x08000189   Thumb Code     0  entry2.o(.ARM.Collect$$$$00000001)
    _main_scatterload                        0x0800018d   Thumb Code     0  entry5.o(.ARM.Collect$$$$00000004)
    __main_after_scatterload                 0x08000191   Thumb Code     0  entry5.o(.ARM.Collect$$$$00000004)
    _main_clock                              0x08000191   Thumb Code     0  entry7b.o(.ARM.Collect$$$$00000008)
    _main_cpp_init                           0x08000191   Thumb Code     0  entry8b.o(.ARM.Collect$$$$0000000A)
    _main_init                               0x08000191   Thumb Code     0  entry9a.o(.ARM.Collect$$$$0000000B)
    __rt_final_cpp                           0x08000199   Thumb Code     0  entry10a.o(.ARM.Collect$$$$0000000D)
    __rt_final_exit                          0x08000199   Thumb Code     0  entry11a.o(.ARM.Collect$$$$0000000F)
    Reset_Handler                            0x0800019d   Thumb Code     8  startup_stm32f407xx.o(.text)
    ADC_IRQHandler                           0x080001b7   Thumb Code     0  startup_stm32f407xx.o(.text)
    CAN1_RX0_IRQHandler                      0x080001b7   Thumb Code     0  startup_stm32f407xx.o(.text)
    CAN1_RX1_IRQHandler                      0x080001b7   Thumb Code     0  startup_stm32f407xx.o(.text)
    CAN1_SCE_IRQHandler                      0x080001b7   Thumb Code     0  startup_stm32f407xx.o(.text)
    CAN1_TX_IRQHandler                       0x080001b7   Thumb Code     0  startup_stm32f407xx.o(.text)
    CAN2_RX0_IRQHandler                      0x080001b7   Thumb Code     0  startup_stm32f407xx.o(.text)
    CAN2_RX1_IRQHandler                      0x080001b7   Thumb Code     0  startup_stm32f407xx.o(.text)
    CAN2_SCE_IRQHandler                      0x080001b7   Thumb Code     0  startup_stm32f407xx.o(.text)
    CAN2_TX_IRQHandler                       0x080001b7   Thumb Code     0  startup_stm32f407xx.o(.text)
    DCMI_IRQHandler                          0x080001b7   Thumb Code     0  startup_stm32f407xx.o(.text)
    DMA1_Stream0_IRQHandler                  0x080001b7   Thumb Code     0  startup_stm32f407xx.o(.text)
    DMA1_Stream1_IRQHandler                  0x080001b7   Thumb Code     0  startup_stm32f407xx.o(.text)
    DMA1_Stream2_IRQHandler                  0x080001b7   Thumb Code     0  startup_stm32f407xx.o(.text)
    DMA1_Stream3_IRQHandler                  0x080001b7   Thumb Code     0  startup_stm32f407xx.o(.text)
    DMA1_Stream4_IRQHandler                  0x080001b7   Thumb Code     0  startup_stm32f407xx.o(.text)
    DMA1_Stream5_IRQHandler                  0x080001b7   Thumb Code     0  startup_stm32f407xx.o(.text)
    DMA1_Stream6_IRQHandler                  0x080001b7   Thumb Code     0  startup_stm32f407xx.o(.text)
    DMA1_Stream7_IRQHandler                  0x080001b7   Thumb Code     0  startup_stm32f407xx.o(.text)
    DMA2_Stream0_IRQHandler                  0x080001b7   Thumb Code     0  startup_stm32f407xx.o(.text)
    DMA2_Stream1_IRQHandler                  0x080001b7   Thumb Code     0  startup_stm32f407xx.o(.text)
    DMA2_Stream2_IRQHandler                  0x080001b7   Thumb Code     0  startup_stm32f407xx.o(.text)
    DMA2_Stream3_IRQHandler                  0x080001b7   Thumb Code     0  startup_stm32f407xx.o(.text)
    DMA2_Stream4_IRQHandler                  0x080001b7   Thumb Code     0  startup_stm32f407xx.o(.text)
    DMA2_Stream5_IRQHandler                  0x080001b7   Thumb Code     0  startup_stm32f407xx.o(.text)
    DMA2_Stream6_IRQHandler                  0x080001b7   Thumb Code     0  startup_stm32f407xx.o(.text)
    DMA2_Stream7_IRQHandler                  0x080001b7   Thumb Code     0  startup_stm32f407xx.o(.text)
    ETH_IRQHandler                           0x080001b7   Thumb Code     0  startup_stm32f407xx.o(.text)
    ETH_WKUP_IRQHandler                      0x080001b7   Thumb Code     0  startup_stm32f407xx.o(.text)
    EXTI15_10_IRQHandler                     0x080001b7   Thumb Code     0  startup_stm32f407xx.o(.text)
    EXTI1_IRQHandler                         0x080001b7   Thumb Code     0  startup_stm32f407xx.o(.text)
    EXTI9_5_IRQHandler                       0x080001b7   Thumb Code     0  startup_stm32f407xx.o(.text)
    FLASH_IRQHandler                         0x080001b7   Thumb Code     0  startup_stm32f407xx.o(.text)
    FMC_IRQHandler                           0x080001b7   Thumb Code     0  startup_stm32f407xx.o(.text)
    FPU_IRQHandler                           0x080001b7   Thumb Code     0  startup_stm32f407xx.o(.text)
    HASH_RNG_IRQHandler                      0x080001b7   Thumb Code     0  startup_stm32f407xx.o(.text)
    I2C1_ER_IRQHandler                       0x080001b7   Thumb Code     0  startup_stm32f407xx.o(.text)
    I2C1_EV_IRQHandler                       0x080001b7   Thumb Code     0  startup_stm32f407xx.o(.text)
    I2C2_ER_IRQHandler                       0x080001b7   Thumb Code     0  startup_stm32f407xx.o(.text)
    I2C2_EV_IRQHandler                       0x080001b7   Thumb Code     0  startup_stm32f407xx.o(.text)
    I2C3_ER_IRQHandler                       0x080001b7   Thumb Code     0  startup_stm32f407xx.o(.text)
    I2C3_EV_IRQHandler                       0x080001b7   Thumb Code     0  startup_stm32f407xx.o(.text)
    OTG_FS_IRQHandler                        0x080001b7   Thumb Code     0  startup_stm32f407xx.o(.text)
    OTG_FS_WKUP_IRQHandler                   0x080001b7   Thumb Code     0  startup_stm32f407xx.o(.text)
    OTG_HS_EP1_IN_IRQHandler                 0x080001b7   Thumb Code     0  startup_stm32f407xx.o(.text)
    OTG_HS_EP1_OUT_IRQHandler                0x080001b7   Thumb Code     0  startup_stm32f407xx.o(.text)
    OTG_HS_IRQHandler                        0x080001b7   Thumb Code     0  startup_stm32f407xx.o(.text)
    OTG_HS_WKUP_IRQHandler                   0x080001b7   Thumb Code     0  startup_stm32f407xx.o(.text)
    PVD_IRQHandler                           0x080001b7   Thumb Code     0  startup_stm32f407xx.o(.text)
    RCC_IRQHandler                           0x080001b7   Thumb Code     0  startup_stm32f407xx.o(.text)
    RTC_Alarm_IRQHandler                     0x080001b7   Thumb Code     0  startup_stm32f407xx.o(.text)
    RTC_WKUP_IRQHandler                      0x080001b7   Thumb Code     0  startup_stm32f407xx.o(.text)
    SDIO_IRQHandler                          0x080001b7   Thumb Code     0  startup_stm32f407xx.o(.text)
    SPI1_IRQHandler                          0x080001b7   Thumb Code     0  startup_stm32f407xx.o(.text)
    SPI2_IRQHandler                          0x080001b7   Thumb Code     0  startup_stm32f407xx.o(.text)
    TAMP_STAMP_IRQHandler                    0x080001b7   Thumb Code     0  startup_stm32f407xx.o(.text)
    TIM1_BRK_TIM9_IRQHandler                 0x080001b7   Thumb Code     0  startup_stm32f407xx.o(.text)
    TIM1_CC_IRQHandler                       0x080001b7   Thumb Code     0  startup_stm32f407xx.o(.text)
    TIM1_TRG_COM_TIM11_IRQHandler            0x080001b7   Thumb Code     0  startup_stm32f407xx.o(.text)
    TIM1_UP_TIM10_IRQHandler                 0x080001b7   Thumb Code     0  startup_stm32f407xx.o(.text)
    TIM2_IRQHandler                          0x080001b7   Thumb Code     0  startup_stm32f407xx.o(.text)
    TIM3_IRQHandler                          0x080001b7   Thumb Code     0  startup_stm32f407xx.o(.text)
    TIM4_IRQHandler                          0x080001b7   Thumb Code     0  startup_stm32f407xx.o(.text)
    TIM5_IRQHandler                          0x080001b7   Thumb Code     0  startup_stm32f407xx.o(.text)
    TIM6_DAC_IRQHandler                      0x080001b7   Thumb Code     0  startup_stm32f407xx.o(.text)
    TIM7_IRQHandler                          0x080001b7   Thumb Code     0  startup_stm32f407xx.o(.text)
    TIM8_BRK_TIM12_IRQHandler                0x080001b7   Thumb Code     0  startup_stm32f407xx.o(.text)
    TIM8_CC_IRQHandler                       0x080001b7   Thumb Code     0  startup_stm32f407xx.o(.text)
    TIM8_TRG_COM_TIM14_IRQHandler            0x080001b7   Thumb Code     0  startup_stm32f407xx.o(.text)
    TIM8_UP_TIM13_IRQHandler                 0x080001b7   Thumb Code     0  startup_stm32f407xx.o(.text)
    UART4_IRQHandler                         0x080001b7   Thumb Code     0  startup_stm32f407xx.o(.text)
    UART5_IRQHandler                         0x080001b7   Thumb Code     0  startup_stm32f407xx.o(.text)
    USART1_IRQHandler                        0x080001b7   Thumb Code     0  startup_stm32f407xx.o(.text)
    USART2_IRQHandler                        0x080001b7   Thumb Code     0  startup_stm32f407xx.o(.text)
    USART3_IRQHandler                        0x080001b7   Thumb Code     0  startup_stm32f407xx.o(.text)
    USART6_IRQHandler                        0x080001b7   Thumb Code     0  startup_stm32f407xx.o(.text)
    WWDG_IRQHandler                          0x080001b7   Thumb Code     0  startup_stm32f407xx.o(.text)
    __aeabi_uldivmod                         0x080001c1   Thumb Code    98  uldiv.o(.text)
    __aeabi_memset                           0x08000223   Thumb Code    14  memseta.o(.text)
    __aeabi_memset4                          0x08000223   Thumb Code     0  memseta.o(.text)
    __aeabi_memset8                          0x08000223   Thumb Code     0  memseta.o(.text)
    __aeabi_memclr                           0x08000231   Thumb Code     4  memseta.o(.text)
    __aeabi_memclr4                          0x08000231   Thumb Code     0  memseta.o(.text)
    __aeabi_memclr8                          0x08000231   Thumb Code     0  memseta.o(.text)
    _memset$wrapper                          0x08000235   Thumb Code    18  memseta.o(.text)
    __aeabi_dadd                             0x08000247   Thumb Code   322  dadd.o(.text)
    __aeabi_dsub                             0x08000389   Thumb Code     6  dadd.o(.text)
    __aeabi_drsub                            0x0800038f   Thumb Code     6  dadd.o(.text)
    __aeabi_dmul                             0x08000395   Thumb Code   228  dmul.o(.text)
    __aeabi_ddiv                             0x08000479   Thumb Code   222  ddiv.o(.text)
    __aeabi_i2d                              0x08000557   Thumb Code    34  dflti.o(.text)
    __aeabi_d2iz                             0x08000579   Thumb Code    62  dfixi.o(.text)
    __aeabi_d2uiz                            0x080005b7   Thumb Code    50  dfixui.o(.text)
    __aeabi_f2d                              0x080005e9   Thumb Code    38  f2d.o(.text)
    __aeabi_d2f                              0x0800060f   Thumb Code    56  d2f.o(.text)
    __aeabi_uidiv                            0x08000647   Thumb Code     0  uidiv.o(.text)
    __aeabi_uidivmod                         0x08000647   Thumb Code    44  uidiv.o(.text)
    __aeabi_llsl                             0x08000673   Thumb Code    30  llshl.o(.text)
    _ll_shift_l                              0x08000673   Thumb Code     0  llshl.o(.text)
    __aeabi_llsr                             0x08000691   Thumb Code    32  llushr.o(.text)
    _ll_ushift_r                             0x08000691   Thumb Code     0  llushr.o(.text)
    __aeabi_lasr                             0x080006b1   Thumb Code    36  llsshr.o(.text)
    _ll_sshift_r                             0x080006b1   Thumb Code     0  llsshr.o(.text)
    __I$use$fp                               0x080006d5   Thumb Code     0  iusefp.o(.text)
    _float_round                             0x080006d5   Thumb Code    18  fepilogue.o(.text)
    _float_epilogue                          0x080006e7   Thumb Code    92  fepilogue.o(.text)
    _double_round                            0x08000743   Thumb Code    30  depilogue.o(.text)
    _double_epilogue                         0x08000761   Thumb Code   156  depilogue.o(.text)
    __aeabi_d2ulz                            0x080007fd   Thumb Code    48  dfixul.o(.text)
    __aeabi_cdrcmple                         0x0800082d   Thumb Code    48  cdrcmple.o(.text)
    __scatterload                            0x0800085d   Thumb Code    28  init.o(.text)
    __scatterload_rt2                        0x0800085d   Thumb Code     0  init.o(.text)
    ADS1292R_CMD                             0x08000881   Thumb Code    62  ads1292.o(.text.ADS1292R_CMD)
    ADS1292R_Init                            0x080008c1   Thumb Code    56  ads1292.o(.text.ADS1292R_Init)
    ADS1292R_PowerOnInit                     0x080008f9   Thumb Code   262  ads1292.o(.text.ADS1292R_PowerOnInit)
    ADS1292R_REG                             0x08000a01   Thumb Code   118  ads1292.o(.text.ADS1292R_REG)
    ADS1292R_ReadData                        0x08000a79   Thumb Code   128  ads1292.o(.text.ADS1292R_ReadData)
    ADS1292R_SPI_RW                          0x08000af9   Thumb Code    58  ads1292.o(.text.ADS1292R_SPI_RW)
    ADS1292R_Work                            0x08000b35   Thumb Code    30  ads1292.o(.text.ADS1292R_Work)
    BusFault_Handler                         0x08000b55   Thumb Code     4  stm32f4xx_it.o(.text.BusFault_Handler)
    DWT_GetDeltaT                            0x08000b99   Thumb Code    76  bsp_dwt.o(.text.DWT_GetDeltaT)
    DWT_Init                                 0x08000be5   Thumb Code   136  bsp_dwt.o(.text.DWT_Init)
    DebugMon_Handler                         0x08000c6d   Thumb Code     2  stm32f4xx_it.o(.text.DebugMon_Handler)
    EXTI0_IRQHandler                         0x08000c71   Thumb Code    10  stm32f4xx_it.o(.text.EXTI0_IRQHandler)
    EXTI2_IRQHandler                         0x08000c7d   Thumb Code   102  stm32f4xx_it.o(.text.EXTI2_IRQHandler)
    EXTI3_IRQHandler                         0x08000ce5   Thumb Code    10  stm32f4xx_it.o(.text.EXTI3_IRQHandler)
    EXTI4_IRQHandler                         0x08000cf1   Thumb Code    42  stm32f4xx_it.o(.text.EXTI4_IRQHandler)
    Error_Handler                            0x08000d1d   Thumb Code     6  main.o(.text.Error_Handler)
    FIRFilter                                0x08000d29   Thumb Code   560  firfilter.o(.text.FIRFilter)
    FIRInit                                  0x08000f59   Thumb Code   168  firfilter.o(.text.FIRInit)
    FSMC_NORSRAM_Extended_Timing_Init        0x08001001   Thumb Code   100  stm32f4xx_ll_fsmc.o(.text.FSMC_NORSRAM_Extended_Timing_Init)
    FSMC_NORSRAM_Init                        0x08001065   Thumb Code   186  stm32f4xx_ll_fsmc.o(.text.FSMC_NORSRAM_Init)
    FSMC_NORSRAM_Timing_Init                 0x08001121   Thumb Code    96  stm32f4xx_ll_fsmc.o(.text.FSMC_NORSRAM_Timing_Init)
    HAL_DMA_Abort_IT                         0x08001181   Thumb Code    68  stm32f4xx_hal_dma.o(.text.HAL_DMA_Abort_IT)
    HAL_Delay                                0x080011c5   Thumb Code    66  stm32f4xx_hal.o(.text.HAL_Delay)
    HAL_GPIO_EXTI_Callback                   0x0800130d   Thumb Code    10  stm32f4xx_hal_gpio.o(.text.HAL_GPIO_EXTI_Callback)
    HAL_GPIO_EXTI_IRQHandler                 0x08001319   Thumb Code    56  stm32f4xx_hal_gpio.o(.text.HAL_GPIO_EXTI_IRQHandler)
    HAL_GPIO_Init                            0x08001351   Thumb Code   950  stm32f4xx_hal_gpio.o(.text.HAL_GPIO_Init)
    HAL_GPIO_WritePin                        0x08001709   Thumb Code    46  stm32f4xx_hal_gpio.o(.text.HAL_GPIO_WritePin)
    HAL_GetTick                              0x08001739   Thumb Code    12  stm32f4xx_hal.o(.text.HAL_GetTick)
    HAL_IncTick                              0x08001745   Thumb Code    26  stm32f4xx_hal.o(.text.HAL_IncTick)
    HAL_Init                                 0x08001761   Thumb Code    54  stm32f4xx_hal.o(.text.HAL_Init)
    HAL_InitTick                             0x08001799   Thumb Code   112  stm32f4xx_hal.o(.text.HAL_InitTick)
    HAL_MspInit                              0x08001809   Thumb Code    74  stm32f4xx_hal_msp.o(.text.HAL_MspInit)
    HAL_NVIC_DisableIRQ                      0x08001855   Thumb Code    20  stm32f4xx_hal_cortex.o(.text.HAL_NVIC_DisableIRQ)
    HAL_NVIC_EnableIRQ                       0x08001869   Thumb Code    20  stm32f4xx_hal_cortex.o(.text.HAL_NVIC_EnableIRQ)
    HAL_NVIC_SetPriority                     0x0800187d   Thumb Code    50  stm32f4xx_hal_cortex.o(.text.HAL_NVIC_SetPriority)
    HAL_NVIC_SetPriorityGrouping             0x080018b1   Thumb Code    16  stm32f4xx_hal_cortex.o(.text.HAL_NVIC_SetPriorityGrouping)
    HAL_RCC_ClockConfig                      0x080018c1   Thumb Code   610  stm32f4xx_hal_rcc.o(.text.HAL_RCC_ClockConfig)
    HAL_RCC_GetHCLKFreq                      0x08001b25   Thumb Code    12  stm32f4xx_hal_rcc.o(.text.HAL_RCC_GetHCLKFreq)
    HAL_RCC_GetPCLK1Freq                     0x08001b31   Thumb Code    34  stm32f4xx_hal_rcc.o(.text.HAL_RCC_GetPCLK1Freq)
    HAL_RCC_GetPCLK2Freq                     0x08001b55   Thumb Code    34  stm32f4xx_hal_rcc.o(.text.HAL_RCC_GetPCLK2Freq)
    HAL_RCC_GetSysClockFreq                  0x08001b79   Thumb Code   230  stm32f4xx_hal_rcc.o(.text.HAL_RCC_GetSysClockFreq)
    HAL_RCC_OscConfig                        0x08001c61   Thumb Code  1726  stm32f4xx_hal_rcc.o(.text.HAL_RCC_OscConfig)
    HAL_SPI_ErrorCallback                    0x08002321   Thumb Code     8  stm32f4xx_hal_spi.o(.text.HAL_SPI_ErrorCallback)
    HAL_SPI_IRQHandler                       0x08002329   Thumb Code   560  stm32f4xx_hal_spi.o(.text.HAL_SPI_IRQHandler)
    HAL_SPI_Init                             0x08002559   Thumb Code   256  stm32f4xx_hal_spi.o(.text.HAL_SPI_Init)
    HAL_SPI_MspInit                          0x08002659   Thumb Code   166  spi.o(.text.HAL_SPI_MspInit)
    HAL_SPI_TransmitReceive                  0x08002701   Thumb Code   930  stm32f4xx_hal_spi.o(.text.HAL_SPI_TransmitReceive)
    HAL_SRAM_Init                            0x08002aa5   Thumb Code   128  stm32f4xx_hal_sram.o(.text.HAL_SRAM_Init)
    HAL_SRAM_MspInit                         0x08002b25   Thumb Code    14  fsmc.o(.text.HAL_SRAM_MspInit)
    HAL_SYSTICK_Config                       0x08002b35   Thumb Code    16  stm32f4xx_hal_cortex.o(.text.HAL_SYSTICK_Config)
    HAL_UART_Init                            0x08002b45   Thumb Code   158  stm32f4xx_hal_uart.o(.text.HAL_UART_Init)
    HAL_UART_MspInit                         0x08002be5   Thumb Code   144  usart.o(.text.HAL_UART_MspInit)
    HAL_UART_Transmit                        0x08002c75   Thumb Code   304  stm32f4xx_hal_uart.o(.text.HAL_UART_Transmit)
    HardFault_Handler                        0x08002da5   Thumb Code     4  stm32f4xx_it.o(.text.HardFault_Handler)
    IIRFilter_Init                           0x08002da9   Thumb Code    60  iirfilter.o(.text.IIRFilter_Init)
    IIRFilter_Process                        0x08002de5   Thumb Code   322  iirfilter.o(.text.IIRFilter_Process)
    MX_FSMC_Init                             0x08002f29   Thumb Code   180  fsmc.o(.text.MX_FSMC_Init)
    MX_GPIO_Init                             0x08002fdd   Thumb Code   466  gpio.o(.text.MX_GPIO_Init)
    MX_SPI3_Init                             0x080031b1   Thumb Code    80  spi.o(.text.MX_SPI3_Init)
    MX_USART1_UART_Init                      0x08003201   Thumb Code    64  usart.o(.text.MX_USART1_UART_Init)
    MemManage_Handler                        0x08003241   Thumb Code     4  stm32f4xx_it.o(.text.MemManage_Handler)
    NMI_Handler                              0x08003245   Thumb Code     4  stm32f4xx_it.o(.text.NMI_Handler)
    PendSV_Handler                           0x080032b5   Thumb Code     2  stm32f4xx_it.o(.text.PendSV_Handler)
    SPI3_IRQHandler                          0x080032b9   Thumb Code    16  stm32f4xx_it.o(.text.SPI3_IRQHandler)
    SVC_Handler                              0x080034e1   Thumb Code     2  stm32f4xx_it.o(.text.SVC_Handler)
    SysTick_Handler                          0x08003539   Thumb Code     8  stm32f4xx_it.o(.text.SysTick_Handler)
    SystemClock_Config                       0x08003541   Thumb Code   186  main.o(.text.SystemClock_Config)
    SystemInit                               0x080035fd   Thumb Code    18  system_stm32f4xx.o(.text.SystemInit)
    UsageFault_Handler                       0x080038bd   Thumb Code     4  stm32f4xx_it.o(.text.UsageFault_Handler)
    arm_bitreversal_f32                      0x080039b9   Thumb Code   466  transformfunctions.o(.text.arm_bitreversal_f32)
    arm_cfft_radix4_f32                      0x08003b8d   Thumb Code    92  transformfunctions.o(.text.arm_cfft_radix4_f32)
    arm_cfft_radix4_init_f32                 0x08003be9   Thumb Code   304  transformfunctions.o(.text.arm_cfft_radix4_init_f32)
    arm_cmplx_mag_f32                        0x08003d19   Thumb Code   138  complexmathfunctions.o(.text.arm_cmplx_mag_f32)
    arm_max_q15                              0x08003da5   Thumb Code   110  statisticsfunctions.o(.text.arm_max_q15)
    arm_min_q15                              0x08003e15   Thumb Code   110  statisticsfunctions.o(.text.arm_min_q15)
    arm_radix4_butterfly_f32                 0x08003e85   Thumb Code   874  transformfunctions.o(.text.arm_radix4_butterfly_f32)
    arm_radix4_butterfly_inverse_f32         0x080041f1   Thumb Code  1492  transformfunctions.o(.text.arm_radix4_butterfly_inverse_f32)
    data_trans                               0x080047c5   Thumb Code   240  ads1292.o(.text.data_trans)
    delay_ms                                 0x080048b5   Thumb Code    20  lcd.o(.text.delay_ms)
    delay_us                                 0x080048c9   Thumb Code    36  lcd.o(.text.delay_us)
    drawCurve                                0x080048ed   Thumb Code   708  lcd.o(.text.drawCurve)
    drawCurve1                               0x08004bb1   Thumb Code   342  lcd.o(.text.drawCurve1)
    fftcal                                   0x08004d09   Thumb Code   320  main.o(.text.fftcal)
    fputc                                    0x08004e49   Thumb Code    34  usart.o(.text.fputc)
    heartbeat_check                          0x08004e6d   Thumb Code   214  firfilter.o(.text.heartbeat_check)
    lcd_clear                                0x08004f45   Thumb Code    86  lcd.o(.text.lcd_clear)
    lcd_display_dir                          0x08004f9d   Thumb Code   530  lcd.o(.text.lcd_display_dir)
    lcd_draw_line                            0x080051b1   Thumb Code   304  lcd.o(.text.lcd_draw_line)
    lcd_draw_point                           0x080052e1   Thumb Code    44  lcd.o(.text.lcd_draw_point)
    lcd_ex_ili9341_reginit                   0x0800530d   Thumb Code   584  lcd.o(.text.lcd_ex_ili9341_reginit)
    lcd_ex_ili9806_reginit                   0x08005555   Thumb Code   878  lcd.o(.text.lcd_ex_ili9806_reginit)
    lcd_ex_nt35310_reginit                   0x080058c5   Thumb Code  3986  lcd.o(.text.lcd_ex_nt35310_reginit)
    lcd_ex_nt35510_reginit                   0x08006859   Thumb Code  3912  lcd.o(.text.lcd_ex_nt35510_reginit)
    lcd_ex_ssd1963_reginit                   0x080077a1   Thumb Code   386  lcd.o(.text.lcd_ex_ssd1963_reginit)
    lcd_ex_st7789_reginit                    0x08007925   Thumb Code   452  lcd.o(.text.lcd_ex_st7789_reginit)
    lcd_ex_st7796_reginit                    0x08007ae9   Thumb Code   480  lcd.o(.text.lcd_ex_st7796_reginit)
    lcd_init                                 0x08007cc9   Thumb Code  1482  lcd.o(.text.lcd_init)
    lcd_scan_dir                             0x080082fd   Thumb Code   860  lcd.o(.text.lcd_scan_dir)
    lcd_set_cursor                           0x08008659   Thumb Code   392  lcd.o(.text.lcd_set_cursor)
    lcd_show_char                            0x080087e1   Thumb Code   474  lcd.o(.text.lcd_show_char)
    lcd_show_num                             0x080089bd   Thumb Code   280  lcd.o(.text.lcd_show_num)
    lcd_show_string                          0x08008ad5   Thumb Code   234  lcd.o(.text.lcd_show_string)
    lcd_ssd_backlight_set                    0x08008bc1   Thumb Code   104  lcd.o(.text.lcd_ssd_backlight_set)
    lcd_wr_data                              0x08008c29   Thumb Code    30  lcd.o(.text.lcd_wr_data)
    lcd_wr_regno                             0x08008c49   Thumb Code    30  lcd.o(.text.lcd_wr_regno)
    lcd_write_ram_prepare                    0x08008c69   Thumb Code    20  lcd.o(.text.lcd_write_ram_prepare)
    lcd_write_reg                            0x08008c7d   Thumb Code    38  lcd.o(.text.lcd_write_reg)
    main                                     0x08008ca5   Thumb Code   952  main.o(.text.main)
    queueInit                                0x0800905d   Thumb Code    42  queue.o(.text.queueInit)
    queuePop                                 0x08009089   Thumb Code    88  queue.o(.text.queuePop)
    queuePush                                0x080090e1   Thumb Code    70  queue.o(.text.queuePush)
    __0printf                                0x08009129   Thumb Code    22  printfa.o(i.__0printf)
    __1printf                                0x08009129   Thumb Code     0  printfa.o(i.__0printf)
    __2printf                                0x08009129   Thumb Code     0  printfa.o(i.__0printf)
    __c89printf                              0x08009129   Thumb Code     0  printfa.o(i.__0printf)
    printf                                   0x08009129   Thumb Code     0  printfa.o(i.__0printf)
    __hardfp_sqrtf                           0x08009149   Thumb Code    58  sqrtf.o(i.__hardfp_sqrtf)
    __scatterload_copy                       0x08009183   Thumb Code    14  handlers.o(i.__scatterload_copy)
    __scatterload_null                       0x08009191   Thumb Code     2  handlers.o(i.__scatterload_null)
    __scatterload_zeroinit                   0x08009193   Thumb Code    14  handlers.o(i.__scatterload_zeroinit)
    __set_errno                              0x080091a1   Thumb Code     6  errno.o(i.__set_errno)
    AHBPrescTable                            0x08009a5e   Data          16  system_stm32f4xx.o(.rodata.AHBPrescTable)
    APBPrescTable                            0x08009a6e   Data           8  system_stm32f4xx.o(.rodata.APBPrescTable)
    B                                        0x08009a78   Data        1288  firfilter.o(.rodata.B)
    armBitRevTable                           0x08009fb0   Data        2048  commontables.o(.rodata.armBitRevTable)
    asc2_1206                                0x0800a7b0   Data        1140  lcd.o(.rodata.asc2_1206)
    asc2_1608                                0x0800ac24   Data        1520  lcd.o(.rodata.asc2_1608)
    asc2_2412                                0x0800b214   Data        3420  lcd.o(.rodata.asc2_2412)
    asc2_3216                                0x0800bf70   Data        6080  lcd.o(.rodata.asc2_3216)
    twiddleCoef_4096                         0x0800d758   Data       32768  commontables.o(.rodata.twiddleCoef_4096)
    Region$$Table$$Base                      0x08015758   Number         0  anon$$obj.o(Region$$Table)
    Region$$Table$$Limit                     0x08015778   Number         0  anon$$obj.o(Region$$Table)
    __stdout                                 0x20000000   Data           4  stdout.o(.data)
    SystemCoreClock                          0x20000008   Data           4  system_stm32f4xx.o(.data.SystemCoreClock)
    firstPoint                               0x2000000c   Data           1  lcd.o(.data.firstPoint)
    last_data                                0x2000000e   Data           2  firfilter.o(.data.last_data)
    uwTickFreq                               0x20000010   Data           1  stm32f4xx_hal.o(.data.uwTickFreq)
    uwTickPrio                               0x20000014   Data           4  stm32f4xx_hal.o(.data.uwTickPrio)
    ADS1292R_ECG_BUFFER                      0x20000018   Data           8  ads1292.o(.bss.ADS1292R_ECG_BUFFER)
    DWT_CNT1                                 0x20000034   Data           4  main.o(.bss.DWT_CNT1)
    ECGRawData                               0x20000038   Data           4  ads1292.o(.bss.ECGRawData)
    ECG_Signal                               0x2000003c   Data         512  main.o(.bss.ECG_Signal)
    ECG_Signal_raw                           0x2000023c   Data         512  main.o(.bss.ECG_Signal_raw)
    FFT_InputBufmy                           0x2000043c   Data        2048  main.o(.bss.FFT_InputBufmy)
    FFT_OutputBufmy                          0x20000c3c   Data        1024  main.o(.bss.FFT_OutputBufmy)
    FIRA                                     0x2000103c   Data         644  firfilter.o(.bss.FIRA)
    FIRQueue                                 0x200012c0   Data          20  firfilter.o(.bss.FIRQueue)
    FIRResult                                0x200012d4   Data           2  firfilter.o(.bss.FIRResult)
    IIR_Result                               0x200012dc   Data           2  iirfilter.o(.bss.IIR_Result)
    ads1292_recive_flag                      0x200012de   Data           1  main.o(.bss.ads1292_recive_flag)
    ads1292r_data_buff                       0x200012df   Data           9  ads1292.o(.bss.ads1292r_data_buff)
    ads1292r_id_flag                         0x200012e8   Data           1  ads1292.o(.bss.ads1292r_id_flag)
    amp                                      0x200012ec   Data           4  lcd.o(.bss.amp)
    device_id                                0x200012f0   Data           1  ads1292.o(.bss.device_id)
    ecg_num                                  0x200012f2   Data           2  main.o(.bss.ecg_num)
    ecg_vol                                  0x200012f4   Data           4  ads1292.o(.bss.ecg_vol)
    fftf                                     0x200012f8   Data        2048  main.o(.bss.fftf)
    filterState                              0x20001af8   Data          48  main.o(.bss.filterState)
    g_back_color                             0x20001b28   Data           4  lcd.o(.bss.g_back_color)
    g_sram_handle                            0x20001b2c   Data          80  lcd.o(.bss.g_sram_handle)
    h                                        0x20001b80   Data        1288  firfilter.o(.bss.h)
    heart_beat                               0x20002088   Data           4  main.o(.bss.heart_beat)
    heart_rate                               0x20002090   Data           8  main.o(.bss.heart_rate)
    hspi3                                    0x200020a4   Data          88  spi.o(.bss.hspi3)
    hsram1                                   0x200020fc   Data          80  fsmc.o(.bss.hsram1)
    huart1                                   0x2000214c   Data          72  usart.o(.bss.huart1)
    ifboom                                   0x20002194   Data           4  main.o(.bss.ifboom)
    lastX                                    0x20002198   Data           2  lcd.o(.bss.lastX)
    lastY                                    0x2000219a   Data           2  lcd.o(.bss.lastY)
    lcddev                                   0x2000219c   Data          14  lcd.o(.bss.lcddev)
    max_value                                0x200021aa   Data           2  lcd.o(.bss.max_value)
    maxfft                                   0x200021ac   Data           2  main.o(.bss.maxfft)
    maxindex                                 0x200021b0   Data           4  main.o(.bss.maxindex)
    maxraw                                   0x200021b4   Data           2  main.o(.bss.maxraw)
    maxtt                                    0x200021b6   Data           2  main.o(.bss.maxtt)
    min_value                                0x200021b8   Data           2  lcd.o(.bss.min_value)
    minraw                                   0x200021ba   Data           2  main.o(.bss.minraw)
    mintt                                    0x200021bc   Data           2  main.o(.bss.mintt)
    mul                                      0x200021c0   Data           4  lcd.o(.bss.mul)
    numangle                                 0x200021c4   Data           4  main.o(.bss.numangle)
    scfft                                    0x200021c8   Data          20  main.o(.bss.scfft)
    uwTick                                   0x200021dc   Data           4  stm32f4xx_hal.o(.bss.uwTick)
    vpp                                      0x200021e0   Data           4  lcd.o(.bss.vpp)
    __initial_sp                             0x200025e8   Data           0  startup_stm32f407xx.o(STACK)



==============================================================================

Memory Map of the image

  Image Entry point : 0x08000189

  Load Region LR_IROM1 (Base: 0x08000000, Size: 0x00015790, Max: 0x00100000, ABSOLUTE)

    Execution Region ER_IROM1 (Exec base: 0x08000000, Load base: 0x08000000, Size: 0x00015778, Max: 0x00100000, ABSOLUTE)

    Exec Addr    Load Addr    Size         Type   Attr      Idx    E Section Name        Object

    0x08000000   0x08000000   0x00000188   Data   RO            3    RESET               startup_stm32f407xx.o
    0x08000188   0x08000188   0x00000000   Code   RO         3014  * .ARM.Collect$$$$00000000  mc_w.l(entry.o)
    0x08000188   0x08000188   0x00000004   Code   RO         3136    .ARM.Collect$$$$00000001  mc_w.l(entry2.o)
    0x0800018c   0x0800018c   0x00000004   Code   RO         3139    .ARM.Collect$$$$00000004  mc_w.l(entry5.o)
    0x08000190   0x08000190   0x00000000   Code   RO         3141    .ARM.Collect$$$$00000008  mc_w.l(entry7b.o)
    0x08000190   0x08000190   0x00000000   Code   RO         3143    .ARM.Collect$$$$0000000A  mc_w.l(entry8b.o)
    0x08000190   0x08000190   0x00000008   Code   RO         3144    .ARM.Collect$$$$0000000B  mc_w.l(entry9a.o)
    0x08000198   0x08000198   0x00000000   Code   RO         3146    .ARM.Collect$$$$0000000D  mc_w.l(entry10a.o)
    0x08000198   0x08000198   0x00000000   Code   RO         3148    .ARM.Collect$$$$0000000F  mc_w.l(entry11a.o)
    0x08000198   0x08000198   0x00000004   Code   RO         3137    .ARM.Collect$$$$00002712  mc_w.l(entry2.o)
    0x0800019c   0x0800019c   0x00000024   Code   RO            4    .text               startup_stm32f407xx.o
    0x080001c0   0x080001c0   0x00000062   Code   RO         3017    .text               mc_w.l(uldiv.o)
    0x08000222   0x08000222   0x00000024   Code   RO         3026    .text               mc_w.l(memseta.o)
    0x08000246   0x08000246   0x0000014e   Code   RO         3058    .text               mf_w.l(dadd.o)
    0x08000394   0x08000394   0x000000e4   Code   RO         3060    .text               mf_w.l(dmul.o)
    0x08000478   0x08000478   0x000000de   Code   RO         3062    .text               mf_w.l(ddiv.o)
    0x08000556   0x08000556   0x00000022   Code   RO         3072    .text               mf_w.l(dflti.o)
    0x08000578   0x08000578   0x0000003e   Code   RO         3078    .text               mf_w.l(dfixi.o)
    0x080005b6   0x080005b6   0x00000032   Code   RO         3080    .text               mf_w.l(dfixui.o)
    0x080005e8   0x080005e8   0x00000026   Code   RO         3084    .text               mf_w.l(f2d.o)
    0x0800060e   0x0800060e   0x00000038   Code   RO         3086    .text               mf_w.l(d2f.o)
    0x08000646   0x08000646   0x0000002c   Code   RO         3160    .text               mc_w.l(uidiv.o)
    0x08000672   0x08000672   0x0000001e   Code   RO         3162    .text               mc_w.l(llshl.o)
    0x08000690   0x08000690   0x00000020   Code   RO         3164    .text               mc_w.l(llushr.o)
    0x080006b0   0x080006b0   0x00000024   Code   RO         3166    .text               mc_w.l(llsshr.o)
    0x080006d4   0x080006d4   0x00000000   Code   RO         3175    .text               mc_w.l(iusefp.o)
    0x080006d4   0x080006d4   0x0000006e   Code   RO         3176    .text               mf_w.l(fepilogue.o)
    0x08000742   0x08000742   0x000000ba   Code   RO         3178    .text               mf_w.l(depilogue.o)
    0x080007fc   0x080007fc   0x00000030   Code   RO         3184    .text               mf_w.l(dfixul.o)
    0x0800082c   0x0800082c   0x00000030   Code   RO         3188    .text               mf_w.l(cdrcmple.o)
    0x0800085c   0x0800085c   0x00000024   Code   RO         3198    .text               mc_w.l(init.o)
    0x08000880   0x08000880   0x0000003e   Code   RO         1060    .text.ADS1292R_CMD  ads1292.o
    0x080008be   0x080008be   0x00000002   PAD
    0x080008c0   0x080008c0   0x00000038   Code   RO         1054    .text.ADS1292R_Init  ads1292.o
    0x080008f8   0x080008f8   0x00000106   Code   RO         1056    .text.ADS1292R_PowerOnInit  ads1292.o
    0x080009fe   0x080009fe   0x00000002   PAD
    0x08000a00   0x08000a00   0x00000076   Code   RO         1062    .text.ADS1292R_REG  ads1292.o
    0x08000a76   0x08000a76   0x00000002   PAD
    0x08000a78   0x08000a78   0x00000080   Code   RO         1068    .text.ADS1292R_ReadData  ads1292.o
    0x08000af8   0x08000af8   0x0000003a   Code   RO         1058    .text.ADS1292R_SPI_RW  ads1292.o
    0x08000b32   0x08000b32   0x00000002   PAD
    0x08000b34   0x08000b34   0x0000001e   Code   RO         1064    .text.ADS1292R_Work  ads1292.o
    0x08000b52   0x08000b52   0x00000002   PAD
    0x08000b54   0x08000b54   0x00000004   Code   RO          115    .text.BusFault_Handler  stm32f4xx_it.o
    0x08000b58   0x08000b58   0x00000040   Code   RO         1173    .text.DWT_CNT_Update  bsp_dwt.o
    0x08000b98   0x08000b98   0x0000004c   Code   RO         1171    .text.DWT_GetDeltaT  bsp_dwt.o
    0x08000be4   0x08000be4   0x00000088   Code   RO         1169    .text.DWT_Init      bsp_dwt.o
    0x08000c6c   0x08000c6c   0x00000002   Code   RO          121    .text.DebugMon_Handler  stm32f4xx_it.o
    0x08000c6e   0x08000c6e   0x00000002   PAD
    0x08000c70   0x08000c70   0x0000000a   Code   RO          127    .text.EXTI0_IRQHandler  stm32f4xx_it.o
    0x08000c7a   0x08000c7a   0x00000002   PAD
    0x08000c7c   0x08000c7c   0x00000066   Code   RO          129    .text.EXTI2_IRQHandler  stm32f4xx_it.o
    0x08000ce2   0x08000ce2   0x00000002   PAD
    0x08000ce4   0x08000ce4   0x0000000a   Code   RO          131    .text.EXTI3_IRQHandler  stm32f4xx_it.o
    0x08000cee   0x08000cee   0x00000002   PAD
    0x08000cf0   0x08000cf0   0x0000002a   Code   RO          133    .text.EXTI4_IRQHandler  stm32f4xx_it.o
    0x08000d1a   0x08000d1a   0x00000002   PAD
    0x08000d1c   0x08000d1c   0x00000006   Code   RO           17    .text.Error_Handler  main.o
    0x08000d22   0x08000d22   0x00000006   PAD
    0x08000d28   0x08000d28   0x00000230   Code   RO         1110    .text.FIRFilter     firfilter.o
    0x08000f58   0x08000f58   0x000000a8   Code   RO         1108    .text.FIRInit       firfilter.o
    0x08001000   0x08001000   0x00000064   Code   RO          162    .text.FSMC_NORSRAM_Extended_Timing_Init  stm32f4xx_ll_fsmc.o
    0x08001064   0x08001064   0x000000ba   Code   RO          156    .text.FSMC_NORSRAM_Init  stm32f4xx_ll_fsmc.o
    0x0800111e   0x0800111e   0x00000002   PAD
    0x08001120   0x08001120   0x00000060   Code   RO          160    .text.FSMC_NORSRAM_Timing_Init  stm32f4xx_ll_fsmc.o
    0x08001180   0x08001180   0x00000044   Code   RO          389    .text.HAL_DMA_Abort_IT  stm32f4xx_hal_dma.o
    0x080011c4   0x080011c4   0x00000042   Code   RO          568    .text.HAL_Delay     stm32f4xx_hal.o
    0x08001206   0x08001206   0x00000002   PAD
    0x08001208   0x08001208   0x00000102   Code   RO           63    .text.HAL_FSMC_MspInit  fsmc.o
    0x0800130a   0x0800130a   0x00000002   PAD
    0x0800130c   0x0800130c   0x0000000a   Code   RO          349    .text.HAL_GPIO_EXTI_Callback  stm32f4xx_hal_gpio.o
    0x08001316   0x08001316   0x00000002   PAD
    0x08001318   0x08001318   0x00000038   Code   RO          347    .text.HAL_GPIO_EXTI_IRQHandler  stm32f4xx_hal_gpio.o
    0x08001350   0x08001350   0x000003b6   Code   RO          335    .text.HAL_GPIO_Init  stm32f4xx_hal_gpio.o
    0x08001706   0x08001706   0x00000002   PAD
    0x08001708   0x08001708   0x0000002e   Code   RO          341    .text.HAL_GPIO_WritePin  stm32f4xx_hal_gpio.o
    0x08001736   0x08001736   0x00000002   PAD
    0x08001738   0x08001738   0x0000000c   Code   RO          560    .text.HAL_GetTick   stm32f4xx_hal.o
    0x08001744   0x08001744   0x0000001a   Code   RO          558    .text.HAL_IncTick   stm32f4xx_hal.o
    0x0800175e   0x0800175e   0x00000002   PAD
    0x08001760   0x08001760   0x00000036   Code   RO          548    .text.HAL_Init      stm32f4xx_hal.o
    0x08001796   0x08001796   0x00000002   PAD
    0x08001798   0x08001798   0x00000070   Code   RO          550    .text.HAL_InitTick  stm32f4xx_hal.o
    0x08001808   0x08001808   0x0000004a   Code   RO          148    .text.HAL_MspInit   stm32f4xx_hal_msp.o
    0x08001852   0x08001852   0x00000002   PAD
    0x08001854   0x08001854   0x00000014   Code   RO          487    .text.HAL_NVIC_DisableIRQ  stm32f4xx_hal_cortex.o
    0x08001868   0x08001868   0x00000014   Code   RO          483    .text.HAL_NVIC_EnableIRQ  stm32f4xx_hal_cortex.o
    0x0800187c   0x0800187c   0x00000032   Code   RO          475    .text.HAL_NVIC_SetPriority  stm32f4xx_hal_cortex.o
    0x080018ae   0x080018ae   0x00000002   PAD
    0x080018b0   0x080018b0   0x00000010   Code   RO          471    .text.HAL_NVIC_SetPriorityGrouping  stm32f4xx_hal_cortex.o
    0x080018c0   0x080018c0   0x00000262   Code   RO          203    .text.HAL_RCC_ClockConfig  stm32f4xx_hal_rcc.o
    0x08001b22   0x08001b22   0x00000002   PAD
    0x08001b24   0x08001b24   0x0000000c   Code   RO          213    .text.HAL_RCC_GetHCLKFreq  stm32f4xx_hal_rcc.o
    0x08001b30   0x08001b30   0x00000022   Code   RO          215    .text.HAL_RCC_GetPCLK1Freq  stm32f4xx_hal_rcc.o
    0x08001b52   0x08001b52   0x00000002   PAD
    0x08001b54   0x08001b54   0x00000022   Code   RO          217    .text.HAL_RCC_GetPCLK2Freq  stm32f4xx_hal_rcc.o
    0x08001b76   0x08001b76   0x00000002   PAD
    0x08001b78   0x08001b78   0x000000e6   Code   RO          205    .text.HAL_RCC_GetSysClockFreq  stm32f4xx_hal_rcc.o
    0x08001c5e   0x08001c5e   0x00000002   PAD
    0x08001c60   0x08001c60   0x000006be   Code   RO          201    .text.HAL_RCC_OscConfig  stm32f4xx_hal_rcc.o
    0x0800231e   0x0800231e   0x00000002   PAD
    0x08002320   0x08002320   0x00000008   Code   RO          768    .text.HAL_SPI_ErrorCallback  stm32f4xx_hal_spi.o
    0x08002328   0x08002328   0x00000230   Code   RO          764    .text.HAL_SPI_IRQHandler  stm32f4xx_hal_spi.o
    0x08002558   0x08002558   0x00000100   Code   RO          684    .text.HAL_SPI_Init  stm32f4xx_hal_spi.o
    0x08002658   0x08002658   0x000000a6   Code   RO           81    .text.HAL_SPI_MspInit  spi.o
    0x080026fe   0x080026fe   0x00000002   PAD
    0x08002700   0x08002700   0x000003a2   Code   RO          698    .text.HAL_SPI_TransmitReceive  stm32f4xx_hal_spi.o
    0x08002aa2   0x08002aa2   0x00000002   PAD
    0x08002aa4   0x08002aa4   0x00000080   Code   RO          637    .text.HAL_SRAM_Init  stm32f4xx_hal_sram.o
    0x08002b24   0x08002b24   0x0000000e   Code   RO           61    .text.HAL_SRAM_MspInit  fsmc.o
    0x08002b32   0x08002b32   0x00000002   PAD
    0x08002b34   0x08002b34   0x00000010   Code   RO          495    .text.HAL_SYSTICK_Config  stm32f4xx_hal_cortex.o
    0x08002b44   0x08002b44   0x0000009e   Code   RO          803    .text.HAL_UART_Init  stm32f4xx_hal_uart.o
    0x08002be2   0x08002be2   0x00000002   PAD
    0x08002be4   0x08002be4   0x00000090   Code   RO           95    .text.HAL_UART_MspInit  usart.o
    0x08002c74   0x08002c74   0x00000130   Code   RO          819    .text.HAL_UART_Transmit  stm32f4xx_hal_uart.o
    0x08002da4   0x08002da4   0x00000004   Code   RO          111    .text.HardFault_Handler  stm32f4xx_it.o
    0x08002da8   0x08002da8   0x0000003c   Code   RO         1089    .text.IIRFilter_Init  iirfilter.o
    0x08002de4   0x08002de4   0x00000142   Code   RO         1091    .text.IIRFilter_Process  iirfilter.o
    0x08002f26   0x08002f26   0x00000002   PAD
    0x08002f28   0x08002f28   0x000000b4   Code   RO           59    .text.MX_FSMC_Init  fsmc.o
    0x08002fdc   0x08002fdc   0x000001d2   Code   RO           51    .text.MX_GPIO_Init  gpio.o
    0x080031ae   0x080031ae   0x00000002   PAD
    0x080031b0   0x080031b0   0x00000050   Code   RO           79    .text.MX_SPI3_Init  spi.o
    0x08003200   0x08003200   0x00000040   Code   RO           93    .text.MX_USART1_UART_Init  usart.o
    0x08003240   0x08003240   0x00000004   Code   RO          113    .text.MemManage_Handler  stm32f4xx_it.o
    0x08003244   0x08003244   0x00000004   Code   RO          109    .text.NMI_Handler   stm32f4xx_it.o
    0x08003248   0x08003248   0x0000006c   Code   RO          481    .text.NVIC_EncodePriority  stm32f4xx_hal_cortex.o
    0x080032b4   0x080032b4   0x00000002   Code   RO          123    .text.PendSV_Handler  stm32f4xx_it.o
    0x080032b6   0x080032b6   0x00000002   PAD
    0x080032b8   0x080032b8   0x00000010   Code   RO          135    .text.SPI3_IRQHandler  stm32f4xx_it.o
    0x080032c8   0x080032c8   0x00000020   Code   RO          766    .text.SPI_DMAAbortOnError  stm32f4xx_hal_spi.o
    0x080032e8   0x080032e8   0x000000cc   Code   RO          694    .text.SPI_EndRxTxTransaction  stm32f4xx_hal_spi.o
    0x080033b4   0x080033b4   0x0000012a   Code   RO          792    .text.SPI_WaitFlagStateUntilTimeout  stm32f4xx_hal_spi.o
    0x080034de   0x080034de   0x00000002   PAD
    0x080034e0   0x080034e0   0x00000002   Code   RO          119    .text.SVC_Handler   stm32f4xx_it.o
    0x080034e2   0x080034e2   0x00000002   PAD
    0x080034e4   0x080034e4   0x00000052   Code   RO          497    .text.SysTick_Config  stm32f4xx_hal_cortex.o
    0x08003536   0x08003536   0x00000002   PAD
    0x08003538   0x08003538   0x00000008   Code   RO          125    .text.SysTick_Handler  stm32f4xx_it.o
    0x08003540   0x08003540   0x000000ba   Code   RO           15    .text.SystemClock_Config  main.o
    0x080035fa   0x080035fa   0x00000002   PAD
    0x080035fc   0x080035fc   0x00000012   Code   RO          934    .text.SystemInit    system_stm32f4xx.o
    0x0800360e   0x0800360e   0x00000002   PAD
    0x08003610   0x08003610   0x00000094   Code   RO          851    .text.UART_EndRxTransfer  stm32f4xx_hal_uart.o
    0x080036a4   0x080036a4   0x0000013a   Code   RO          807    .text.UART_SetConfig  stm32f4xx_hal_uart.o
    0x080037de   0x080037de   0x00000002   PAD
    0x080037e0   0x080037e0   0x000000da   Code   RO          821    .text.UART_WaitOnFlagUntilTimeout  stm32f4xx_hal_uart.o
    0x080038ba   0x080038ba   0x00000002   PAD
    0x080038bc   0x080038bc   0x00000004   Code   RO          117    .text.UsageFault_Handler  stm32f4xx_it.o
    0x080038c0   0x080038c0   0x00000038   Code   RO          489    .text.__NVIC_DisableIRQ  stm32f4xx_hal_cortex.o
    0x080038f8   0x080038f8   0x00000030   Code   RO          485    .text.__NVIC_EnableIRQ  stm32f4xx_hal_cortex.o
    0x08003928   0x08003928   0x00000010   Code   RO          477    .text.__NVIC_GetPriorityGrouping  stm32f4xx_hal_cortex.o
    0x08003938   0x08003938   0x00000042   Code   RO          479    .text.__NVIC_SetPriority  stm32f4xx_hal_cortex.o
    0x0800397a   0x0800397a   0x00000002   PAD
    0x0800397c   0x0800397c   0x0000003c   Code   RO          473    .text.__NVIC_SetPriorityGrouping  stm32f4xx_hal_cortex.o
    0x080039b8   0x080039b8   0x000001d2   Code   RO         2686    .text.arm_bitreversal_f32  transformfunctions.o
    0x08003b8a   0x08003b8a   0x00000002   PAD
    0x08003b8c   0x08003b8c   0x0000005c   Code   RO         2758    .text.arm_cfft_radix4_f32  transformfunctions.o
    0x08003be8   0x08003be8   0x00000130   Code   RO         2864    .text.arm_cfft_radix4_init_f32  transformfunctions.o
    0x08003d18   0x08003d18   0x0000008a   Code   RO         1605    .text.arm_cmplx_mag_f32  complexmathfunctions.o
    0x08003da2   0x08003da2   0x00000002   PAD
    0x08003da4   0x08003da4   0x0000006e   Code   RO         2372    .text.arm_max_q15   statisticsfunctions.o
    0x08003e12   0x08003e12   0x00000002   PAD
    0x08003e14   0x08003e14   0x0000006e   Code   RO         2402    .text.arm_min_q15   statisticsfunctions.o
    0x08003e82   0x08003e82   0x00000002   PAD
    0x08003e84   0x08003e84   0x0000036a   Code   RO         2762    .text.arm_radix4_butterfly_f32  transformfunctions.o
    0x080041ee   0x080041ee   0x00000002   PAD
    0x080041f0   0x080041f0   0x000005d4   Code   RO         2760    .text.arm_radix4_butterfly_inverse_f32  transformfunctions.o
    0x080047c4   0x080047c4   0x000000f0   Code   RO         1070    .text.data_trans    ads1292.o
    0x080048b4   0x080048b4   0x00000014   Code   RO          954    .text.delay_ms      lcd.o
    0x080048c8   0x080048c8   0x00000024   Code   RO          968    .text.delay_us      lcd.o
    0x080048ec   0x080048ec   0x000002c4   Code   RO         1026    .text.drawCurve     lcd.o
    0x08004bb0   0x08004bb0   0x00000156   Code   RO         1024    .text.drawCurve1    lcd.o
    0x08004d06   0x08004d06   0x00000002   PAD
    0x08004d08   0x08004d08   0x00000140   Code   RO           11    .text.fftcal        main.o
    0x08004e48   0x08004e48   0x00000022   Code   RO           99    .text.fputc         usart.o
    0x08004e6a   0x08004e6a   0x00000002   PAD
    0x08004e6c   0x08004e6c   0x000000d6   Code   RO         1112    .text.heartbeat_check  firfilter.o
    0x08004f42   0x08004f42   0x00000002   PAD
    0x08004f44   0x08004f44   0x00000056   Code   RO          998    .text.lcd_clear     lcd.o
    0x08004f9a   0x08004f9a   0x00000002   PAD
    0x08004f9c   0x08004f9c   0x00000212   Code   RO          992    .text.lcd_display_dir  lcd.o
    0x080051ae   0x080051ae   0x00000002   PAD
    0x080051b0   0x080051b0   0x00000130   Code   RO         1004    .text.lcd_draw_line  lcd.o
    0x080052e0   0x080052e0   0x0000002c   Code   RO          988    .text.lcd_draw_point  lcd.o
    0x0800530c   0x0800530c   0x00000248   Code   RO          958    .text.lcd_ex_ili9341_reginit  lcd.o
    0x08005554   0x08005554   0x0000036e   Code   RO          970    .text.lcd_ex_ili9806_reginit  lcd.o
    0x080058c2   0x080058c2   0x00000002   PAD
    0x080058c4   0x080058c4   0x00000f92   Code   RO          960    .text.lcd_ex_nt35310_reginit  lcd.o
    0x08006856   0x08006856   0x00000002   PAD
    0x08006858   0x08006858   0x00000f48   Code   RO          964    .text.lcd_ex_nt35510_reginit  lcd.o
    0x080077a0   0x080077a0   0x00000182   Code   RO          972    .text.lcd_ex_ssd1963_reginit  lcd.o
    0x08007922   0x08007922   0x00000002   PAD
    0x08007924   0x08007924   0x000001c4   Code   RO          950    .text.lcd_ex_st7789_reginit  lcd.o
    0x08007ae8   0x08007ae8   0x000001e0   Code   RO          962    .text.lcd_ex_st7796_reginit  lcd.o
    0x08007cc8   0x08007cc8   0x000005ca   Code   RO          996    .text.lcd_init      lcd.o
    0x08008292   0x08008292   0x00000002   PAD
    0x08008294   0x08008294   0x00000016   Code   RO         1028    .text.lcd_opt_delay  lcd.o
    0x080082aa   0x080082aa   0x00000002   PAD
    0x080082ac   0x080082ac   0x00000030   Code   RO         1018    .text.lcd_pow       lcd.o
    0x080082dc   0x080082dc   0x0000001e   Code   RO          980    .text.lcd_rd_data   lcd.o
    0x080082fa   0x080082fa   0x00000002   PAD
    0x080082fc   0x080082fc   0x0000035c   Code   RO          986    .text.lcd_scan_dir  lcd.o
    0x08008658   0x08008658   0x00000188   Code   RO          978    .text.lcd_set_cursor  lcd.o
    0x080087e0   0x080087e0   0x000001da   Code   RO         1014    .text.lcd_show_char  lcd.o
    0x080089ba   0x080089ba   0x00000002   PAD
    0x080089bc   0x080089bc   0x00000118   Code   RO         1016    .text.lcd_show_num  lcd.o
    0x08008ad4   0x08008ad4   0x000000ea   Code   RO         1022    .text.lcd_show_string  lcd.o
    0x08008bbe   0x08008bbe   0x00000002   PAD
    0x08008bc0   0x08008bc0   0x00000068   Code   RO          990    .text.lcd_ssd_backlight_set  lcd.o
    0x08008c28   0x08008c28   0x0000001e   Code   RO          956    .text.lcd_wr_data   lcd.o
    0x08008c46   0x08008c46   0x00000002   PAD
    0x08008c48   0x08008c48   0x0000001e   Code   RO          952    .text.lcd_wr_regno  lcd.o
    0x08008c66   0x08008c66   0x00000002   PAD
    0x08008c68   0x08008c68   0x00000014   Code   RO          974    .text.lcd_write_ram_prepare  lcd.o
    0x08008c7c   0x08008c7c   0x00000026   Code   RO          966    .text.lcd_write_reg  lcd.o
    0x08008ca2   0x08008ca2   0x00000002   PAD
    0x08008ca4   0x08008ca4   0x000003b8   Code   RO           13    .text.main          main.o
    0x0800905c   0x0800905c   0x0000002a   Code   RO         1136    .text.queueInit     queue.o
    0x08009086   0x08009086   0x00000002   PAD
    0x08009088   0x08009088   0x00000058   Code   RO         1140    .text.queuePop      queue.o
    0x080090e0   0x080090e0   0x00000046   Code   RO         1138    .text.queuePush     queue.o
    0x08009126   0x08009126   0x00000002   PAD
    0x08009128   0x08009128   0x00000020   Code   RO         3031    i.__0printf         mc_w.l(printfa.o)
    0x08009148   0x08009148   0x0000003a   Code   RO         3002    i.__hardfp_sqrtf    m_wm.l(sqrtf.o)
    0x08009182   0x08009182   0x0000000e   Code   RO         3202    i.__scatterload_copy  mc_w.l(handlers.o)
    0x08009190   0x08009190   0x00000002   Code   RO         3203    i.__scatterload_null  mc_w.l(handlers.o)
    0x08009192   0x08009192   0x0000000e   Code   RO         3204    i.__scatterload_zeroinit  mc_w.l(handlers.o)
    0x080091a0   0x080091a0   0x0000000c   Code   RO         3170    i.__set_errno       mc_w.l(errno.o)
    0x080091ac   0x080091ac   0x00000184   Code   RO         3038    i._fp_digits        mc_w.l(printfa.o)
    0x08009330   0x08009330   0x000006dc   Code   RO         3039    i._printf_core      mc_w.l(printfa.o)
    0x08009a0c   0x08009a0c   0x00000024   Code   RO         3040    i._printf_post_padding  mc_w.l(printfa.o)
    0x08009a30   0x08009a30   0x0000002e   Code   RO         3041    i._printf_pre_padding  mc_w.l(printfa.o)
    0x08009a5e   0x08009a5e   0x00000010   Data   RO          939    .rodata.AHBPrescTable  system_stm32f4xx.o
    0x08009a6e   0x08009a6e   0x00000008   Data   RO          940    .rodata.APBPrescTable  system_stm32f4xx.o
    0x08009a76   0x08009a76   0x00000002   PAD
    0x08009a78   0x08009a78   0x00000508   Data   RO         1117    .rodata.B           firfilter.o
    0x08009f80   0x08009f80   0x00000018   Data   RO         1100    .rodata.DEN         iirfilter.o
    0x08009f98   0x08009f98   0x00000018   Data   RO         1099    .rodata.NUM         iirfilter.o
    0x08009fb0   0x08009fb0   0x00000800   Data   RO         1370    .rodata.armBitRevTable  commontables.o
    0x0800a7b0   0x0800a7b0   0x00000474   Data   RO         1030    .rodata.asc2_1206   lcd.o
    0x0800ac24   0x0800ac24   0x000005f0   Data   RO         1031    .rodata.asc2_1608   lcd.o
    0x0800b214   0x0800b214   0x00000d5c   Data   RO         1032    .rodata.asc2_2412   lcd.o
    0x0800bf70   0x0800bf70   0x000017c0   Data   RO         1033    .rodata.asc2_3216   lcd.o
    0x0800d730   0x0800d730   0x00000027   Data   RO           40    .rodata.str1.1      main.o
    0x0800d757   0x0800d757   0x00000001   PAD
    0x0800d758   0x0800d758   0x00008000   Data   RO         1388    .rodata.twiddleCoef_4096  commontables.o
    0x08015758   0x08015758   0x00000020   Data   RO         3201    Region$$Table       anon$$obj.o


    Execution Region RW_IRAM1 (Exec base: 0x20000000, Load base: 0x08015778, Size: 0x000025e8, Max: 0x0001c000, ABSOLUTE)

    Exec Addr    Load Addr    Size         Type   Attr      Idx    E Section Name        Object

    0x20000000   0x08015778   0x00000004   Data   RW         3150    .data               mc_w.l(stdout.o)
    0x20000004   0x0801577c   0x00000004   Data   RW         3171    .data               mc_w.l(errno.o)
    0x20000008   0x08015780   0x00000004   Data   RW          938    .data.SystemCoreClock  system_stm32f4xx.o
    0x2000000c   0x08015784   0x00000001   Data   RW         1038    .data.firstPoint    lcd.o
    0x2000000d   0x08015785   0x00000001   PAD
    0x2000000e   0x08015786   0x00000002   Data   RW         1121    .data.last_data     firfilter.o
    0x20000010   0x08015788   0x00000001   Data   RW          603    .data.uwTickFreq    stm32f4xx_hal.o
    0x20000011   0x08015789   0x00000003   PAD
    0x20000014   0x0801578c   0x00000004   Data   RW          602    .data.uwTickPrio    stm32f4xx_hal.o
    0x20000018        -       0x00000008   Zero   RW         1075    .bss.ADS1292R_ECG_BUFFER  ads1292.o
    0x20000020        -       0x00000004   Zero   RW         1187    .bss.CPU_FREQ_Hz    bsp_dwt.o
    0x20000024        -       0x00000004   Zero   RW         1188    .bss.CPU_FREQ_Hz_ms  bsp_dwt.o
    0x20000028        -       0x00000004   Zero   RW         1189    .bss.CPU_FREQ_Hz_us  bsp_dwt.o
    0x2000002c        -       0x00000004   Zero   RW         1196    .bss.CYCCNT_LAST    bsp_dwt.o
    0x20000030        -       0x00000004   Zero   RW         1190    .bss.CYCCNT_RountCount  bsp_dwt.o
    0x20000034        -       0x00000004   Zero   RW           31    .bss.DWT_CNT1       main.o
    0x20000038        -       0x00000004   Zero   RW         1074    .bss.ECGRawData     ads1292.o
    0x2000003c        -       0x00000200   Zero   RW           22    .bss.ECG_Signal     main.o
    0x2000023c        -       0x00000200   Zero   RW           34    .bss.ECG_Signal_raw  main.o
    0x2000043c        -       0x00000800   Zero   RW           23    .bss.FFT_InputBufmy  main.o
    0x20000c3c        -       0x00000400   Zero   RW           25    .bss.FFT_OutputBufmy  main.o
    0x2000103c        -       0x00000284   Zero   RW         1119    .bss.FIRA           firfilter.o
    0x200012c0        -       0x00000014   Zero   RW         1118    .bss.FIRQueue       firfilter.o
    0x200012d4        -       0x00000002   Zero   RW         1122    .bss.FIRResult      firfilter.o
    0x200012d6   0x08015790   0x00000002   PAD
    0x200012d8        -       0x00000004   Zero   RW           70    .bss.FSMC_Initialized  fsmc.o
    0x200012dc        -       0x00000002   Zero   RW         1098    .bss.IIR_Result     iirfilter.o
    0x200012de        -       0x00000001   Zero   RW           30    .bss.ads1292_recive_flag  main.o
    0x200012df        -       0x00000009   Zero   RW         1073    .bss.ads1292r_data_buff  ads1292.o
    0x200012e8        -       0x00000001   Zero   RW         1077    .bss.ads1292r_id_flag  ads1292.o
    0x200012e9   0x08015790   0x00000003   PAD
    0x200012ec        -       0x00000004   Zero   RW         1045    .bss.amp            lcd.o
    0x200012f0        -       0x00000001   Zero   RW         1072    .bss.device_id      ads1292.o
    0x200012f1   0x08015790   0x00000001   PAD
    0x200012f2        -       0x00000002   Zero   RW           33    .bss.ecg_num        main.o
    0x200012f4        -       0x00000004   Zero   RW         1078    .bss.ecg_vol        ads1292.o
    0x200012f8        -       0x00000800   Zero   RW           26    .bss.fftf           main.o
    0x20001af8        -       0x00000030   Zero   RW           29    .bss.filterState    main.o
    0x20001b28        -       0x00000004   Zero   RW         1035    .bss.g_back_color   lcd.o
    0x20001b2c        -       0x00000050   Zero   RW         1037    .bss.g_sram_handle  lcd.o
    0x20001b7c   0x08015790   0x00000004   PAD
    0x20001b80        -       0x00000508   Zero   RW         1120    .bss.h              firfilter.o
    0x20002088        -       0x00000004   Zero   RW           19    .bss.heart_beat     main.o
    0x2000208c   0x08015790   0x00000004   PAD
    0x20002090        -       0x00000008   Zero   RW           32    .bss.heart_rate     main.o
    0x20002098        -       0x00000004   Zero   RW         1125    .bss.heartbeat_check.down_value  firfilter.o
    0x2000209c        -       0x00000004   Zero   RW         1123    .bss.heartbeat_check.is_init  firfilter.o
    0x200020a0        -       0x00000004   Zero   RW         1124    .bss.heartbeat_check.up_value  firfilter.o
    0x200020a4        -       0x00000058   Zero   RW           85    .bss.hspi3          spi.o
    0x200020fc        -       0x00000050   Zero   RW           69    .bss.hsram1         fsmc.o
    0x2000214c        -       0x00000048   Zero   RW          101    .bss.huart1         usart.o
    0x20002194        -       0x00000004   Zero   RW           28    .bss.ifboom         main.o
    0x20002198        -       0x00000002   Zero   RW         1039    .bss.lastX          lcd.o
    0x2000219a        -       0x00000002   Zero   RW         1040    .bss.lastY          lcd.o
    0x2000219c        -       0x0000000e   Zero   RW         1036    .bss.lcddev         lcd.o
    0x200021aa        -       0x00000002   Zero   RW         1042    .bss.max_value      lcd.o
    0x200021ac        -       0x00000002   Zero   RW           39    .bss.maxfft         main.o
    0x200021ae   0x08015790   0x00000002   PAD
    0x200021b0        -       0x00000004   Zero   RW           20    .bss.maxindex       main.o
    0x200021b4        -       0x00000002   Zero   RW           37    .bss.maxraw         main.o
    0x200021b6        -       0x00000002   Zero   RW           35    .bss.maxtt          main.o
    0x200021b8        -       0x00000002   Zero   RW         1043    .bss.min_value      lcd.o
    0x200021ba        -       0x00000002   Zero   RW           38    .bss.minraw         main.o
    0x200021bc        -       0x00000002   Zero   RW           36    .bss.mintt          main.o
    0x200021be   0x08015790   0x00000002   PAD
    0x200021c0        -       0x00000004   Zero   RW         1041    .bss.mul            lcd.o
    0x200021c4        -       0x00000004   Zero   RW           21    .bss.numangle       main.o
    0x200021c8        -       0x00000014   Zero   RW           24    .bss.scfft          main.o
    0x200021dc        -       0x00000004   Zero   RW          604    .bss.uwTick         stm32f4xx_hal.o
    0x200021e0        -       0x00000004   Zero   RW         1044    .bss.vpp            lcd.o
    0x200021e4   0x08015790   0x00000004   PAD
    0x200021e8        -       0x00000400   Zero   RW            1    STACK               startup_stm32f407xx.o


    Execution Region RW_IRAM2 (Exec base: 0x2001c000, Load base: 0x08015790, Size: 0x00000000, Max: 0x00004000, ABSOLUTE)

    **** No section assigned to this execution region ****


==============================================================================

Image component sizes


      Code (inc. data)   RO Data    RW Data    ZI Data      Debug   Object Name

       954          8          0          0         27       4802   ads1292.o
       276          0          0          0         20       3397   bsp_dwt.o
         0          0      34816          0          0      10693   commontables.o
       138          0          0          0          0       9145   complexmathfunctions.o
       942         16       1288          2       1966       2200   firfilter.o
       452          0          0          0         84       5336   fsmc.o
       466          0          0          0          0       4123   gpio.o
       382          0         48          0          2       1778   iirfilter.o
     16792         58      12160          1        118      18757   lcd.o
      1464         32         39          0       6253       5164   main.o
       200          0          0          0          0       1545   queue.o
       246          0          0          0         88       6726   spi.o
        36          8        392          0       1024        840   startup_stm32f407xx.o
       220          0          0          0          0      28708   statisticsfunctions.o
       270          0          0          5          4       7106   stm32f4xx_hal.o
       558          0          0          0          0       9680   stm32f4xx_hal_cortex.o
        68          0          0          0          0       8463   stm32f4xx_hal_dma.o
      1062          0          0          0          0       5082   stm32f4xx_hal_gpio.o
        74          0          0          0          0       1473   stm32f4xx_hal_msp.o
      2646          0          0          0          0       7558   stm32f4xx_hal_rcc.o
      2288          0          0          0          0      19357   stm32f4xx_hal_spi.o
       128          0          0          0          0       8345   stm32f4xx_hal_sram.o
      1142          0          0          0          0      20224   stm32f4xx_hal_uart.o
       214          0          0          0          0       1938   stm32f4xx_it.o
       382          0          0          0          0       5997   stm32f4xx_ll_fsmc.o
        18          0         24          4          0       2519   system_stm32f4xx.o
      3228          0          0          0          0      79690   transformfunctions.o
       242          0          0          0         72       5083   usart.o

    ----------------------------------------------------------------------
     35020        122      48802         16       9680     285729   Object Totals
         0          0         32          0          0          0   (incl. Generated)
       132          0          3          4         22          0   (incl. Padding)

    ----------------------------------------------------------------------

      Code (inc. data)   RO Data    RW Data    ZI Data      Debug   Library Member Name

        58          0          0          0          0        136   sqrtf.o
         0          0          0          0          0          0   entry.o
         0          0          0          0          0          0   entry10a.o
         0          0          0          0          0          0   entry11a.o
         8          4          0          0          0          0   entry2.o
         4          0          0          0          0          0   entry5.o
         0          0          0          0          0          0   entry7b.o
         0          0          0          0          0          0   entry8b.o
         8          4          0          0          0          0   entry9a.o
        12          6          0          4          0         68   errno.o
        30          0          0          0          0          0   handlers.o
        36          8          0          0          0         68   init.o
         0          0          0          0          0          0   iusefp.o
        30          0          0          0          0         68   llshl.o
        36          0          0          0          0         68   llsshr.o
        32          0          0          0          0         68   llushr.o
        36          0          0          0          0        108   memseta.o
      2258         90          0          0          0        452   printfa.o
         0          0          0          4          0          0   stdout.o
        44          0          0          0          0         80   uidiv.o
        98          0          0          0          0         92   uldiv.o
        48          0          0          0          0         68   cdrcmple.o
        56          0          0          0          0         88   d2f.o
       334          0          0          0          0        148   dadd.o
       222          0          0          0          0        100   ddiv.o
       186          0          0          0          0        176   depilogue.o
        62          0          0          0          0         80   dfixi.o
        50          0          0          0          0         76   dfixui.o
        48          0          0          0          0         68   dfixul.o
        34          0          0          0          0         76   dflti.o
       228          0          0          0          0         96   dmul.o
        38          0          0          0          0         68   f2d.o
       110          0          0          0          0        168   fepilogue.o

    ----------------------------------------------------------------------
      4106        112          0          8          0       2420   Library Totals
         0          0          0          0          0          0   (incl. Padding)

    ----------------------------------------------------------------------

      Code (inc. data)   RO Data    RW Data    ZI Data      Debug   Library Name

        58          0          0          0          0        136   m_wm.l
      2632        112          0          8          0       1072   mc_w.l
      1416          0          0          0          0       1212   mf_w.l

    ----------------------------------------------------------------------
      4106        112          0          8          0       2420   Library Totals

    ----------------------------------------------------------------------

==============================================================================


      Code (inc. data)   RO Data    RW Data    ZI Data      Debug   

     39126        234      48802         24       9680     286709   Grand Totals
     39126        234      48802         24       9680     286709   ELF Image Totals
     39126        234      48802         24          0          0   ROM Totals

==============================================================================

    Total RO  Size (Code + RO Data)                87928 (  85.87kB)
    Total RW  Size (RW Data + ZI Data)              9704 (   9.48kB)
    Total ROM Size (Code + RO Data + RW Data)      87952 (  85.89kB)

==============================================================================

